<html>
<body>
<pre>
<h1>µVision Build Log</h1>
<h2>Tool Versions:</h2>
IDE-Version: µVision V5.17.0.0
Copyright (C) 2015 ARM Ltd and ARM Germany GmbH. All rights reserved.
License Information: Amit Dubey, ABCINC, LIC=FYKJJ-UWHNF-U42S7-EMXGI-K7DGD-V0RKS
 
Tool Versions:
Toolchain:       MDK-ARM Standard  Version: 5.17
Toolchain Path:  C:\Keil_v5\ARM\ARMCC\Bin
C Compiler:      Armcc.exe V5.06 update 1 (build 61)
Assembler:       Armasm.exe V5.06 update 1 (build 61)
Linker/Locator:  ArmLink.exe V5.06 update 1 (build 61)
Library Manager: ArmAr.exe V5.06 update 1 (build 61)
Hex Converter:   FromElf.exe V5.06 update 1 (build 61)
CPU DLL:         SARMCM3.DLL V5.17
Dialog DLL:      DCM.DLL V1.13.4.0
Target DLL:      CMSIS_AGDI.dll V1.23.1.0
Dialog DLL:      TCM.DLL V1.14.6.0
 
<h2>Project:</h2>
D:\interrupt_driven_timer\timer_interrupt.uvprojx
Project File Date:  11/07/2016

<h2>Output:</h2>
*** Using Compiler 'V5.06 update 1 (build 61)', folder: 'C:\Keil_v5\ARM\ARMCC\Bin'
Build target 'Target 1'
compiling main.c...
main.c(65): warning:  #188-D: enumerated type mixed with another type
        NVIC_SetPriority(21,0);                         //0 highest interrupt priority, 7 lowest interrupt priority
main.c(66): warning:  #188-D: enumerated type mixed with another type
        NVIC_SetPriority(22,7); 
main.c(67): warning:  #188-D: enumerated type mixed with another type
        NVIC_SetPriority(23,2);
main.c(229): warning:  #177-D: variable "key" was declared but never referenced
        uint8_t key;
main.c(230): warning:  #177-D: variable "bytes" was declared but never referenced
        int bytes;
main.c(271): warning:  #188-D: enumerated type mixed with another type
        Chip_Clock_EnablePeriphClock(SYSCTL_CLOCK_UART1 | SYSCTL_CLOCK_GPIO1);          // enable GPIO1 and UART clock
main.c(289): warning:  #177-D: variable "i" was declared but never referenced
        int i;
main.c(33): warning:  #177-D: variable "rxbuff2" was declared but never referenced
  static uint8_t rxbuff2[UART_RB_SIZE],txbuff2[UART_RB_SIZE];
main.c(33): warning:  #177-D: variable "txbuff2" was declared but never referenced
  static uint8_t rxbuff2[UART_RB_SIZE],txbuff2[UART_RB_SIZE];
main.c(169): warning:  #177-D: function "vLEDTask1" was declared but never referenced
  static void vLEDTask1(void *pvParameters) {
main.c(182): warning:  #177-D: function "vLEDTask2" was declared but never referenced
  static void vLEDTask2(void *pvParameters) {
main.c: 11 warnings, 0 errors
linking...
Program Size: Code=5432 RO-data=560 RW-data=68 ZI-data=26252  
FromELF: creating hex file...
".\Objects\lpc_gpio.axf" - 0 Error(s), 11 Warning(s).

<h2>Software Packages used:</h2>

Package Vendor: ARM
                http://www.keil.com/pack/ARM.CMSIS.5.0.0-Beta4.pack
                ARM::CMSIS:CORE:5.0.0
                CMSIS (Cortex Microcontroller Software Interface Standard)
   * Component: CORE Version: 5.0.0

<h2>Collection of Component include folders:</h2>
  D:\interrupt_driven_timer\RTE
  C:\Keil_v5\ARM\PACK\ARM\CMSIS\5.0.0-Beta4\CMSIS\Include
  C:\Keil_v5\ARM\PACK\Keil\LPC1500_DFP\1.2.0\LPCOpen\software\lpc_core\lpc_chip\chip_15xx

<h2>Collection of Component Files used:</h2>

   * Component: ARM::CMSIS:CORE:5.0.0
Build Time Elapsed:  00:00:02
</pre>
</body>
</html>
