Component: ARM Compiler 5.06 update 1 (build 61) Tool: armlink [4d35a8]

==============================================================================

Section Cross References

    keil_startup_lpc15xx.o(STACK) refers (Special) to heapauxi.o(.text) for __use_two_region_memory
    keil_startup_lpc15xx.o(HEAP) refers (Special) to heapauxi.o(.text) for __use_two_region_memory
    keil_startup_lpc15xx.o(RESET) refers (Special) to heapauxi.o(.text) for __use_two_region_memory
    keil_startup_lpc15xx.o(RESET) refers to keil_startup_lpc15xx.o(STACK) for __initial_sp
    keil_startup_lpc15xx.o(RESET) refers to keil_startup_lpc15xx.o(.text) for Reset_Handler
    keil_startup_lpc15xx.o(RESET) refers to port.o(.emb_text) for SVC_Handler
    keil_startup_lpc15xx.o(RESET) refers to port.o(i.SysTick_Handler) for SysTick_Handler
    keil_startup_lpc15xx.o(RESET) refers to main.o(i.SCT0_IRQHandler) for SCT0_IRQHandler
    keil_startup_lpc15xx.o(.ARM.__at_0x02FC) refers (Special) to heapauxi.o(.text) for __use_two_region_memory
    keil_startup_lpc15xx.o(.text) refers (Special) to heapauxi.o(.text) for __use_two_region_memory
    keil_startup_lpc15xx.o(.text) refers to sysinit.o(i.SystemInit) for SystemInit
    keil_startup_lpc15xx.o(.text) refers to __main.o(!!!main) for __main
    keil_startup_lpc15xx.o(.text) refers to keil_startup_lpc15xx.o(HEAP) for Heap_Mem
    keil_startup_lpc15xx.o(.text) refers to keil_startup_lpc15xx.o(STACK) for Stack_Mem
    sysinit.o(i.SystemInit) refers to board_sysinit.o(i.Board_SystemInit) for Board_SystemInit
    main.o(i.Chip_SWM_MovablePortPinAssign) refers to swm_15xx.o(i.Chip_SWM_MovablePinAssign) for Chip_SWM_MovablePinAssign
    main.o(i.NVIC_config) refers to main.o(i.NVIC_EnableIRQ) for NVIC_EnableIRQ
    main.o(i.NVIC_config) refers to main.o(i.NVIC_SetPriority) for NVIC_SetPriority
    main.o(i.SCT0_IRQHandler) refers to uart_15xx.o(i.Chip_UART_SendBlocking) for Chip_UART_SendBlocking
    main.o(i.SCT0_IRQHandler) refers to main.o(.data) for .data
    main.o(i.SCT0_IRQHandler) refers to main.o(.constdata) for .constdata
    main.o(i.SCT0_Init) refers to sct_15xx.o(i.Chip_SCT_Init) for Chip_SCT_Init
    main.o(i.SCT0_Init) refers to main.o(i.NVIC_EnableIRQ) for NVIC_EnableIRQ
    main.o(i.SCT0_Init) refers to chip_15xx.o(.data) for SystemCoreClock
    main.o(i.UART0_Task4) refers to ring_buffer.o(i.RingBuffer_Init) for RingBuffer_Init
    main.o(i.UART0_Task4) refers to uart_15xx.o(i.Chip_UART_TXIntHandlerRB) for Chip_UART_TXIntHandlerRB
    main.o(i.UART0_Task4) refers to main.o(.bss) for .bss
    main.o(i.UART1_task3) refers to ring_buffer.o(i.RingBuffer_Init) for RingBuffer_Init
    main.o(i.UART1_task3) refers to uart_15xx.o(i.Chip_UART_SendBlocking) for Chip_UART_SendBlocking
    main.o(i.UART1_task3) refers to main.o(.bss) for .bss
    main.o(i.UART1_task3) refers to main.o(.constdata) for .constdata
    main.o(i.main) refers to chip_15xx.o(i.SystemCoreClockUpdate) for SystemCoreClockUpdate
    main.o(i.main) refers to board.o(i.Board_Init) for Board_Init
    main.o(i.main) refers to board.o(i.Board_LED_Set) for Board_LED_Set
    main.o(i.main) refers to main.o(i.pinmux) for pinmux
    main.o(i.main) refers to main.o(i.uart_init) for uart_init
    main.o(i.main) refers to tasks.o(i.xTaskGenericCreate) for xTaskGenericCreate
    main.o(i.main) refers to tasks.o(i.vTaskStartScheduler) for vTaskStartScheduler
    main.o(i.main) refers to main.o(i.UART1_task3) for UART1_task3
    main.o(i.main) refers to main.o(i.UART0_Task4) for UART0_Task4
    main.o(i.main) refers to main.o(i.timer_task) for timer_task
    main.o(i.pinmux) refers to main.o(i.Chip_SWM_MovablePortPinAssign) for Chip_SWM_MovablePortPinAssign
    main.o(i.timer_task) refers to clock_15xx.o(i.Chip_Clock_EnablePeriphClock) for Chip_Clock_EnablePeriphClock
    main.o(i.timer_task) refers to gpio_15xx.o(i.Chip_GPIO_SetPinDIR) for Chip_GPIO_SetPinDIR
    main.o(i.timer_task) refers to main.o(i.SCT0_Init) for SCT0_Init
    main.o(i.uart_init) refers to uart_15xx.o(i.Chip_UART_Init) for Chip_UART_Init
    main.o(i.uart_init) refers to uart_15xx.o(i.Chip_UART_SetBaud) for Chip_UART_SetBaud
    event_groups.o(i.vEventGroupClearBitsCallback) refers to event_groups.o(i.xEventGroupClearBits) for xEventGroupClearBits
    event_groups.o(i.vEventGroupDelete) refers to tasks.o(i.vTaskSuspendAll) for vTaskSuspendAll
    event_groups.o(i.vEventGroupDelete) refers to tasks.o(i.xTaskRemoveFromUnorderedEventList) for xTaskRemoveFromUnorderedEventList
    event_groups.o(i.vEventGroupDelete) refers to heap_3.o(i.vPortFree) for vPortFree
    event_groups.o(i.vEventGroupDelete) refers to tasks.o(i.xTaskResumeAll) for xTaskResumeAll
    event_groups.o(i.vEventGroupSetBitsCallback) refers to event_groups.o(i.xEventGroupSetBits) for xEventGroupSetBits
    event_groups.o(i.xEventGroupClearBits) refers to port.o(i.vPortEnterCritical) for vPortEnterCritical
[...]
    Removing board.o(i.Joystick_GetStatus), (56 bytes).
    Removing board.o(i._sys_open), (4 bytes).
    Removing board.o(i.ferror), (6 bytes).
    Removing board.o(i.fgetc), (4 bytes).
    Removing board.o(i.fputc), (12 bytes).
    Removing board.o(.data), (4 bytes).
    Removing board.o(.data), (4 bytes).
    Removing board.o(.data), (4 bytes).
    Removing board_sysinit.o(.rev16_text), (4 bytes).
    Removing board_sysinit.o(.revsh_text), (4 bytes).
    Removing ring_buffer.o(i.RingBuffer_Insert), (48 bytes).
    Removing ring_buffer.o(i.RingBuffer_InsertMult), (122 bytes).
    Removing ring_buffer.o(i.RingBuffer_IsFull), (20 bytes).
    Removing ring_buffer.o(i.RingBuffer_PopMult), (118 bytes).
    Removing clock_15xx.o(.rev16_text), (4 bytes).
    Removing clock_15xx.o(.revsh_text), (4 bytes).
    Removing clock_15xx.o(i.Chip_Clock_DisablePeriphClock), (32 bytes).
    Removing clock_15xx.o(i.Chip_Clock_GetADCASYNCRate), (52 bytes).
    Removing clock_15xx.o(i.Chip_Clock_GetMainClockSource), (32 bytes).
    Removing clock_15xx.o(i.Chip_Clock_GetSCTPLLInClockRate), (16 bytes).
    Removing clock_15xx.o(i.Chip_Clock_GetSCTPLLOutClockRate), (28 bytes).
    Removing clock_15xx.o(i.Chip_Clock_GetSysTickClockRate), (28 bytes).
    Removing clock_15xx.o(i.Chip_Clock_GetUSBPLLInClockRate), (16 bytes).
    Removing clock_15xx.o(i.Chip_Clock_GetUSBPLLOutClockRate), (28 bytes).
    Removing clock_15xx.o(i.Chip_Clock_SetCLKOUTSource), (32 bytes).
    Removing clock_15xx.o(i.Chip_Clock_SetPLLBypass), (24 bytes).
    Removing gpio_15xx.o(.rev16_text), (4 bytes).
    Removing gpio_15xx.o(.revsh_text), (4 bytes).
    Removing gpio_15xx.o(i.Chip_GPIO_DeInit), (30 bytes).
    Removing gpio_15xx.o(i.Chip_GPIO_SetDir), (22 bytes).
    Removing gpio_15xx.o(i.Chip_GPIO_SetPortDIR), (22 bytes).
    Removing gpio_15xx.o(i.Chip_GPIO_WriteDirBit), (28 bytes).
    Removing swm_15xx.o(.rev16_text), (4 bytes).
    Removing swm_15xx.o(.revsh_text), (4 bytes).
    Removing swm_15xx.o(i.Chip_SWM_DisableFixedPin), (32 bytes).
    Removing swm_15xx.o(i.Chip_SWM_EnableFixedPin), (32 bytes).
    Removing swm_15xx.o(i.Chip_SWM_FixedPinEnable), (10 bytes).
    Removing swm_15xx.o(i.Chip_SWM_IsFixedPinEnabled), (36 bytes).
    Removing chip_15xx.o(.rev16_text), (4 bytes).
    Removing chip_15xx.o(.revsh_text), (4 bytes).
    Removing chip_15xx.o(i.Chip_USB_Init), (84 bytes).
    Removing uart_15xx.o(.rev16_text), (4 bytes).
    Removing uart_15xx.o(.revsh_text), (4 bytes).
    Removing uart_15xx.o(i.Chip_UART_DeInit), (14 bytes).
    Removing uart_15xx.o(i.Chip_UART_IRQRBHandler), (46 bytes).
    Removing uart_15xx.o(i.Chip_UART_RXIntHandlerRB), (30 bytes).
    Removing uart_15xx.o(i.Chip_UART_Read), (28 bytes).
    Removing uart_15xx.o(i.Chip_UART_ReadBlocking), (36 bytes).
    Removing uart_15xx.o(i.Chip_UART_ReadRB), (16 bytes).
    Removing uart_15xx.o(i.Chip_UART_SendRB), (56 bytes).
    Removing uart_15xx.o(i.Chip_UART_SetBaudWithRTC32K), (32 bytes).
    Removing sct_15xx.o(.rev16_text), (4 bytes).
    Removing sct_15xx.o(.revsh_text), (4 bytes).
    Removing sct_15xx.o(i.Chip_SCT_DeInit), (10 bytes).
    Removing sct_15xx.o(i.Chip_SCT_SetClrControl), (16 bytes).
    Removing sct_15xx.o(i.Chip_SCT_SetConflictResolution), (20 bytes).
    Removing sysctl_15xx.o(.rev16_text), (4 bytes).
    Removing sysctl_15xx.o(.revsh_text), (4 bytes).
    Removing sysctl_15xx.o(i.Chip_SYSCTL_GetCompFreqMeas), (52 bytes).
    Removing sysctl_15xx.o(i.Chip_SYSCTL_SetWakeup), (20 bytes).
    Removing iocon_15xx.o(.rev16_text), (4 bytes).
    Removing iocon_15xx.o(.revsh_text), (4 bytes).
    Removing sysinit_15xx.o(.rev16_text), (4 bytes).
    Removing sysinit_15xx.o(.revsh_text), (4 bytes).
    Removing sysinit_15xx.o(i.Chip_SetupIrcClocking), (88 bytes).
    Removing sysinit_15xx.o(i.Chip_SystemInit), (4 bytes).

204 unused section(s) (total 8290 bytes) removed from the image.

==============================================================================

Image Symbol Table

    Local Symbols

    Symbol Name                              Value     Ov Type        Size  Object(Section)

    RESET                                    0x00000000   Section      252  keil_startup_lpc15xx.o(RESET)
    ../clib/angel/boardlib.s                 0x00000000   Number         0  boardshut.o ABSOLUTE
    ../clib/angel/boardlib.s                 0x00000000   Number         0  boardinit3.o ABSOLUTE
    ../clib/angel/boardlib.s                 0x00000000   Number         0  boardinit1.o ABSOLUTE
    ../clib/angel/boardlib.s                 0x00000000   Number         0  boardinit2.o ABSOLUTE
    ../clib/angel/handlers.s                 0x00000000   Number         0  __scatter_copy.o ABSOLUTE
    ../clib/angel/handlers.s                 0x00000000   Number         0  __scatter_zi.o ABSOLUTE
    ../clib/angel/kernel.s                   0x00000000   Number         0  rtexit.o ABSOLUTE
    ../clib/angel/kernel.s                   0x00000000   Number         0  __rtentry2.o ABSOLUTE
    ../clib/angel/kernel.s                   0x00000000   Number         0  __rtentry4.o ABSOLUTE
    ../clib/angel/kernel.s                   0x00000000   Number         0  __rtentry.o ABSOLUTE
    ../clib/angel/kernel.s                   0x00000000   Number         0  rtexit2.o ABSOLUTE
    ../clib/angel/rt.s                       0x00000000   Number         0  rt_div0.o ABSOLUTE
    ../clib/angel/rt.s                       0x00000000   Number         0  rt_heap_descriptor_intlibspace.o ABSOLUTE
    ../clib/angel/rt.s                       0x00000000   Number         0  aeabi_ldiv0_sigfpe.o ABSOLUTE
    ../clib/angel/rt.s                       0x00000000   Number         0  aeabi_ldiv0.o ABSOLUTE
    ../clib/angel/rt.s                       0x00000000   Number         0  rt_raise.o ABSOLUTE
    ../clib/angel/rt.s                       0x00000000   Number         0  rt_heap_descriptor.o ABSOLUTE
    ../clib/angel/scatter.s                  0x00000000   Number         0  __scatter.o ABSOLUTE
    ../clib/angel/startup.s                  0x00000000   Number         0  __main.o ABSOLUTE
    ../clib/angel/sys.s                      0x00000000   Number         0  use_no_semi.o ABSOLUTE
    ../clib/angel/sys.s                      0x00000000   Number         0  libspace.o ABSOLUTE
    ../clib/angel/sys.s                      0x00000000   Number         0  mutex_dummy.o ABSOLUTE
    ../clib/angel/sys.s                      0x00000000   Number         0  sys_stackheap_outer.o ABSOLUTE
    ../clib/angel/sys.s                      0x00000000   Number         0  indicate_semi.o ABSOLUTE
    ../clib/angel/sysapp.c                   0x00000000   Number         0  sys_command.o ABSOLUTE
    ../clib/angel/sysapp.c                   0x00000000   Number         0  sys_wrch.o ABSOLUTE
    ../clib/armsys.c                         0x00000000   Number         0  argv_veneer.o ABSOLUTE
    ../clib/armsys.c                         0x00000000   Number         0  _get_argv.o ABSOLUTE
    ../clib/armsys.c                         0x00000000   Number         0  no_argv.o ABSOLUTE
    ../clib/armsys.c                         0x00000000   Number         0  _get_argv_nomalloc.o ABSOLUTE
    ../clib/armsys.c                         0x00000000   Number         0  argv_veneer.o ABSOLUTE
    ../clib/heap1.c                          0x00000000   Number         0  h1_extend_mt.o ABSOLUTE
    ../clib/heap1.c                          0x00000000   Number         0  h1_alloc.o ABSOLUTE
    ../clib/heap1.c                          0x00000000   Number         0  h1_final_mt.o ABSOLUTE
    ../clib/heap1.c                          0x00000000   Number         0  h1_free_mt.o ABSOLUTE
    ../clib/heap1.c                          0x00000000   Number         0  h1_alloc_mt.o ABSOLUTE
    ../clib/heap1.c                          0x00000000   Number         0  h1_final.o ABSOLUTE
    ../clib/heap1.c                          0x00000000   Number         0  h1_extend.o ABSOLUTE
    ../clib/heap1.c                          0x00000000   Number         0  h1_free.o ABSOLUTE
    ../clib/heap1.c                          0x00000000   Number         0  h1_init_mt.o ABSOLUTE
    ../clib/heap1.c                          0x00000000   Number         0  h1_init.o ABSOLUTE
    ../clib/heap2.c                          0x00000000   Number         0  heap2mt.o ABSOLUTE
    ../clib/heap2.c                          0x00000000   Number         0  heap2.o ABSOLUTE
    ../clib/heap2.c                          0x00000000   Number         0  fdtree.o ABSOLUTE
    ../clib/heapalloc.c                      0x00000000   Number         0  heapstubs.o ABSOLUTE
    ../clib/heapalloc.c                      0x00000000   Number         0  term_alloc.o ABSOLUTE
    ../clib/heapalloc.c                      0x00000000   Number         0  malloc.o ABSOLUTE
    ../clib/heapalloc.c                      0x00000000   Number         0  maybetermalloc2.o ABSOLUTE
    ../clib/heapalloc.c                      0x00000000   Number         0  maybetermalloc2.o ABSOLUTE
    ../clib/heapalloc.c                      0x00000000   Number         0  free.o ABSOLUTE
    ../clib/heapalloc.c                      0x00000000   Number         0  maybetermalloc1.o ABSOLUTE
    ../clib/heapalloc.c                      0x00000000   Number         0  init_alloc.o ABSOLUTE
    ../clib/heapalloc.c                      0x00000000   Number         0  hguard.o ABSOLUTE
    ../clib/heapalloc.c                      0x00000000   Number         0  hrguard.o ABSOLUTE
    ../clib/heapalloc.c                      0x00000000   Number         0  maybetermalloc1.o ABSOLUTE
    ../clib/heapaux.c                        0x00000000   Number         0  heapauxi.o ABSOLUTE
    ../clib/heapaux.c                        0x00000000   Number         0  heapauxiu.o ABSOLUTE
    ../clib/heapaux.c                        0x00000000   Number         0  heapauxau.o ABSOLUTE
    ../clib/heapaux.c                        0x00000000   Number         0  heapauxa.o ABSOLUTE
    ../clib/libinit.s                        0x00000000   Number         0  libshutdown2.o ABSOLUTE
    ../clib/libinit.s                        0x00000000   Number         0  libinit.o ABSOLUTE
    ../clib/libinit.s                        0x00000000   Number         0  libinit2.o ABSOLUTE
    ../clib/libinit.s                        0x00000000   Number         0  libshutdown.o ABSOLUTE
    ../clib/longlong.s                       0x00000000   Number         0  lludivv7m.o ABSOLUTE
    ../clib/memcpset.s                       0x00000000   Number         0  rt_memcpy_v6.o ABSOLUTE
    ../clib/memcpset.s                       0x00000000   Number         0  aeabi_memset.o ABSOLUTE
    ../clib/memcpset.s                       0x00000000   Number         0  rt_memcpy_w.o ABSOLUTE
    ../clib/memcpset.s                       0x00000000   Number         0  rt_memclr_w.o ABSOLUTE
    ../clib/memcpset.s                       0x00000000   Number         0  rt_memclr.o ABSOLUTE
    ../clib/signal.c                         0x00000000   Number         0  defsig_abrt_inner.o ABSOLUTE
    ../clib/signal.c                         0x00000000   Number         0  defsig_fpe_inner.o ABSOLUTE
    ../clib/signal.c                         0x00000000   Number         0  defsig_general.o ABSOLUTE
    ../clib/signal.c                         0x00000000   Number         0  __raise.o ABSOLUTE
    ../clib/signal.c                         0x00000000   Number         0  defsig_fpe_formal.o ABSOLUTE
    ../clib/signal.c                         0x00000000   Number         0  defsig_fpe_outer.o ABSOLUTE
    ../clib/signal.c                         0x00000000   Number         0  defsig_exit.o ABSOLUTE
    ../clib/signal.c                         0x00000000   Number         0  defsig_rtmem_formal.o ABSOLUTE
    ../clib/signal.c                         0x00000000   Number         0  defsig_rtmem_outer.o ABSOLUTE
    ../clib/signal.c                         0x00000000   Number         0  defsig_rtred_inner.o ABSOLUTE
    ../clib/signal.c                         0x00000000   Number         0  defsig_other.o ABSOLUTE
    ../clib/signal.c                         0x00000000   Number         0  defsig_segv_inner.o ABSOLUTE
    ../clib/signal.c                         0x00000000   Number         0  defsig_cppl_inner.o ABSOLUTE
    ../clib/signal.c                         0x00000000   Number         0  defsig_pvfn_inner.o ABSOLUTE
    ../clib/signal.c                         0x00000000   Number         0  defsig_stak_inner.o ABSOLUTE
    ../clib/signal.c                         0x00000000   Number         0  defsig_rtmem_inner.o ABSOLUTE
    ../clib/signal.s                         0x00000000   Number         0  defsig.o ABSOLUTE
    ../clib/stdlib.c                         0x00000000   Number         0  exit.o ABSOLUTE
    ../fplib/fpinit.s                        0x00000000   Number         0  fpinit.o ABSOLUTE
    ..\chip_common\ring_buffer.c             0x00000000   Number         0  ring_buffer.o ABSOLUTE
    board.c                                  0x00000000   Number         0  board.o ABSOLUTE
    board.c                                  0x00000000   Number         0  board.o ABSOLUTE
    board_sysinit.c                          0x00000000   Number         0  board_sysinit.o ABSOLUTE
    board_sysinit.c                          0x00000000   Number         0  board_sysinit.o ABSOLUTE
    chip_15xx.c                              0x00000000   Number         0  chip_15xx.o ABSOLUTE
    chip_15xx.c                              0x00000000   Number         0  chip_15xx.o ABSOLUTE
    clock_15xx.c                             0x00000000   Number         0  clock_15xx.o ABSOLUTE
    clock_15xx.c                             0x00000000   Number         0  clock_15xx.o ABSOLUTE
    dc.s                                     0x00000000   Number         0  dc.o ABSOLUTE
    gpio_15xx.c                              0x00000000   Number         0  gpio_15xx.o ABSOLUTE
    gpio_15xx.c                              0x00000000   Number         0  gpio_15xx.o ABSOLUTE
    iocon_15xx.c                             0x00000000   Number         0  iocon_15xx.o ABSOLUTE
    iocon_15xx.c                             0x00000000   Number         0  iocon_15xx.o ABSOLUTE
    main.c                                   0x00000000   Number         0  main.o ABSOLUTE
    main.c                                   0x00000000   Number         0  main.o ABSOLUTE
    sct_15xx.c                               0x00000000   Number         0  sct_15xx.o ABSOLUTE
    sct_15xx.c                               0x00000000   Number         0  sct_15xx.o ABSOLUTE
    sw\\freeRTOS\\Source\\croutine.c         0x00000000   Number         0  croutine.o ABSOLUTE
    sw\\freeRTOS\\Source\\event_groups.c     0x00000000   Number         0  event_groups.o ABSOLUTE
    sw\\freeRTOS\\Source\\list.c             0x00000000   Number         0  list.o ABSOLUTE
    sw\\freeRTOS\\Source\\portable\\MemMang\\heap_3.c 0x00000000   Number         0  heap_3.o ABSOLUTE
    sw\\freeRTOS\\Source\\portable\\RVDS\\ARM_CM3\\port.c 0x00000000   Number         0  port.o ABSOLUTE
    sw\\freeRTOS\\Source\\queue.c            0x00000000   Number         0  queue.o ABSOLUTE
    sw\\freeRTOS\\Source\\tasks.c            0x00000000   Number         0  tasks.o ABSOLUTE
    sw\\freeRTOS\\Source\\timers.c           0x00000000   Number         0  timers.o ABSOLUTE
    sw\\freeRTOS\\freertoslpc\\FreeRTOSCommonHooks.c 0x00000000   Number         0  freertoscommonhooks.o ABSOLUTE
    sw\\startup_code\\sysinit.c              0x00000000   Number         0  sysinit.o ABSOLUTE
    sw\freeRTOS\Source\croutine.c            0x00000000   Number         0  croutine.o ABSOLUTE
    sw\freeRTOS\Source\event_groups.c        0x00000000   Number         0  event_groups.o ABSOLUTE
    sw\freeRTOS\Source\list.c                0x00000000   Number         0  list.o ABSOLUTE
    sw\freeRTOS\Source\portable\MemMang\heap_3.c 0x00000000   Number         0  heap_3.o ABSOLUTE
    sw\freeRTOS\Source\portable\RVDS\ARM_CM3\port.c 0x00000000   Number         0  port.o ABSOLUTE
    sw\freeRTOS\Source\queue.c               0x00000000   Number         0  queue.o ABSOLUTE
    sw\freeRTOS\Source\tasks.c               0x00000000   Number         0  tasks.o ABSOLUTE
    sw\freeRTOS\Source\timers.c              0x00000000   Number         0  timers.o ABSOLUTE
    sw\freeRTOS\freertoslpc\FreeRTOSCommonHooks.c 0x00000000   Number         0  freertoscommonhooks.o ABSOLUTE
    sw\startup_code\keil_startup_lpc15xx.s   0x00000000   Number         0  keil_startup_lpc15xx.o ABSOLUTE
    sw\startup_code\sysinit.c                0x00000000   Number         0  sysinit.o ABSOLUTE
    swm_15xx.c                               0x00000000   Number         0  swm_15xx.o ABSOLUTE
    swm_15xx.c                               0x00000000   Number         0  swm_15xx.o ABSOLUTE
    sysctl_15xx.c                            0x00000000   Number         0  sysctl_15xx.o ABSOLUTE
    sysctl_15xx.c                            0x00000000   Number         0  sysctl_15xx.o ABSOLUTE
    sysinit_15xx.c                           0x00000000   Number         0  sysinit_15xx.o ABSOLUTE
    sysinit_15xx.c                           0x00000000   Number         0  sysinit_15xx.o ABSOLUTE
    uart_15xx.c                              0x00000000   Number         0  uart_15xx.o ABSOLUTE
    uart_15xx.c                              0x00000000   Number         0  uart_15xx.o ABSOLUTE
    !!!main                                  0x000000fc   Section        8  __main.o(!!!main)
    !!!scatter                               0x00000104   Section       52  __scatter.o(!!!scatter)
    !!handler_copy                           0x00000138   Section       26  __scatter_copy.o(!!handler_copy)
    !!handler_zi                             0x00000154   Section       28  __scatter_zi.o(!!handler_zi)
    .ARM.Collect$$libinit$$00000000          0x00000170   Section        2  libinit.o(.ARM.Collect$$libinit$$00000000)
    .ARM.Collect$$libinit$$00000002          0x00000172   Section        0  libinit2.o(.ARM.Collect$$libinit$$00000002)
    .ARM.Collect$$libinit$$00000004          0x00000172   Section        0  libinit2.o(.ARM.Collect$$libinit$$00000004)
    .ARM.Collect$$libinit$$00000005          0x00000172   Section        8  libinit2.o(.ARM.Collect$$libinit$$00000005)
    .ARM.Collect$$libinit$$0000000A          0x0000017a   Section        0  libinit2.o(.ARM.Collect$$libinit$$0000000A)
    .ARM.Collect$$libinit$$0000000C          0x0000017a   Section        0  libinit2.o(.ARM.Collect$$libinit$$0000000C)
    .ARM.Collect$$libinit$$0000000E          0x0000017a   Section        0  libinit2.o(.ARM.Collect$$libinit$$0000000E)
    .ARM.Collect$$libinit$$00000011          0x0000017a   Section        0  libinit2.o(.ARM.Collect$$libinit$$00000011)
    .ARM.Collect$$libinit$$00000013          0x0000017a   Section        0  libinit2.o(.ARM.Collect$$libinit$$00000013)
    .ARM.Collect$$libinit$$00000015          0x0000017a   Section        0  libinit2.o(.ARM.Collect$$libinit$$00000015)
    .ARM.Collect$$libinit$$00000017          0x0000017a   Section        0  libinit2.o(.ARM.Collect$$libinit$$00000017)
    .ARM.Collect$$libinit$$00000019          0x0000017a   Section        0  libinit2.o(.ARM.Collect$$libinit$$00000019)
    .ARM.Collect$$libinit$$0000001B          0x0000017a   Section        0  libinit2.o(.ARM.Collect$$libinit$$0000001B)
    .ARM.Collect$$libinit$$0000001D          0x0000017a   Section        0  libinit2.o(.ARM.Collect$$libinit$$0000001D)
    .ARM.Collect$$libinit$$0000001F          0x0000017a   Section        0  libinit2.o(.ARM.Collect$$libinit$$0000001F)
    .ARM.Collect$$libinit$$00000021          0x0000017a   Section        0  libinit2.o(.ARM.Collect$$libinit$$00000021)
    .ARM.Collect$$libinit$$00000023          0x0000017a   Section        0  libinit2.o(.ARM.Collect$$libinit$$00000023)
    .ARM.Collect$$libinit$$00000025          0x0000017a   Section        0  libinit2.o(.ARM.Collect$$libinit$$00000025)
    .ARM.Collect$$libinit$$0000002C          0x0000017a   Section        0  libinit2.o(.ARM.Collect$$libinit$$0000002C)
    .ARM.Collect$$libinit$$0000002E          0x0000017a   Section        0  libinit2.o(.ARM.Collect$$libinit$$0000002E)
    .ARM.Collect$$libinit$$00000030          0x0000017a   Section        0  libinit2.o(.ARM.Collect$$libinit$$00000030)
    .ARM.Collect$$libinit$$00000032          0x0000017a   Section        0  libinit2.o(.ARM.Collect$$libinit$$00000032)
    .ARM.Collect$$libinit$$00000033          0x0000017a   Section        2  libinit2.o(.ARM.Collect$$libinit$$00000033)
    .ARM.Collect$$libshutdown$$00000000      0x0000017c   Section        2  libshutdown.o(.ARM.Collect$$libshutdown$$00000000)
    .ARM.Collect$$libshutdown$$00000002      0x0000017e   Section        0  libshutdown2.o(.ARM.Collect$$libshutdown$$00000002)
    .ARM.Collect$$libshutdown$$00000004      0x0000017e   Section        0  libshutdown2.o(.ARM.Collect$$libshutdown$$00000004)
    .ARM.Collect$$libshutdown$$00000007      0x0000017e   Section        0  libshutdown2.o(.ARM.Collect$$libshutdown$$00000007)
    .ARM.Collect$$libshutdown$$0000000A      0x0000017e   Section        0  libshutdown2.o(.ARM.Collect$$libshutdown$$0000000A)
    .ARM.Collect$$libshutdown$$0000000C      0x0000017e   Section        0  libshutdown2.o(.ARM.Collect$$libshutdown$$0000000C)
    .ARM.Collect$$libshutdown$$0000000F      0x0000017e   Section        0  libshutdown2.o(.ARM.Collect$$libshutdown$$0000000F)
    .ARM.Collect$$libshutdown$$00000010      0x0000017e   Section        2  libshutdown2.o(.ARM.Collect$$libshutdown$$00000010)
    .ARM.Collect$$rtentry$$00000000          0x00000180   Section        0  __rtentry.o(.ARM.Collect$$rtentry$$00000000)
    .ARM.Collect$$rtentry$$00000002          0x00000180   Section        0  __rtentry2.o(.ARM.Collect$$rtentry$$00000002)
    .ARM.Collect$$rtentry$$00000004          0x00000180   Section        6  __rtentry4.o(.ARM.Collect$$rtentry$$00000004)
    .ARM.Collect$$rtentry$$00000009          0x00000186   Section        0  __rtentry2.o(.ARM.Collect$$rtentry$$00000009)
    .ARM.Collect$$rtentry$$0000000A          0x00000186   Section        4  __rtentry2.o(.ARM.Collect$$rtentry$$0000000A)
    .ARM.Collect$$rtentry$$0000000C          0x0000018a   Section        0  __rtentry2.o(.ARM.Collect$$rtentry$$0000000C)
    .ARM.Collect$$rtentry$$0000000D          0x0000018a   Section        8  __rtentry2.o(.ARM.Collect$$rtentry$$0000000D)
    .ARM.Collect$$rtexit$$00000000           0x00000192   Section        2  rtexit.o(.ARM.Collect$$rtexit$$00000000)
    .ARM.Collect$$rtexit$$00000002           0x00000194   Section        0  rtexit2.o(.ARM.Collect$$rtexit$$00000002)
    .ARM.Collect$$rtexit$$00000003           0x00000194   Section        4  rtexit2.o(.ARM.Collect$$rtexit$$00000003)
    .ARM.Collect$$rtexit$$00000004           0x00000198   Section        6  rtexit2.o(.ARM.Collect$$rtexit$$00000004)
    .emb_text                                0x000001a0   Section      162  port.o(.emb_text)
    .emb_text                                0x00000244   Section        0  maybetermalloc1.o(.emb_text)
    .text                                    0x00000244   Section       60  keil_startup_lpc15xx.o(.text)
    .text                                    0x00000280   Section        0  h1_alloc.o(.text)
    .text                                    0x000002de   Section       16  aeabi_memset.o(.text)
    .text                                    0x000002ee   Section        0  heapauxi.o(.text)
    .text                                    0x000002f4   Section        8  rt_heap_descriptor_intlibspace.o(.text)
    .ARM.__at_0x02FC                         0x000002fc   Section        4  keil_startup_lpc15xx.o(.ARM.__at_0x02FC)
    .text                                    0x00000300   Section        0  h1_free.o(.text)
    .text                                    0x0000034e   Section      238  lludivv7m.o(.text)
    .text                                    0x0000043c   Section      138  rt_memcpy_v6.o(.text)
    .text                                    0x000004c6   Section        0  hguard.o(.text)
    .text                                    0x000004ca   Section        0  init_alloc.o(.text)
    .text                                    0x00000554   Section        0  h1_init.o(.text)
    .text                                    0x00000562   Section      100  rt_memcpy_w.o(.text)
    .text                                    0x000005c6   Section       68  rt_memclr.o(.text)
    .text                                    0x0000060c   Section        8  libspace.o(.text)
    .text                                    0x00000614   Section        0  h1_extend.o(.text)
    .text                                    0x00000648   Section        0  defsig_rtmem_outer.o(.text)
    .text                                    0x00000656   Section       78  rt_memclr_w.o(.text)
    .text                                    0x000006a4   Section        0  heapauxiu.o(.text)
    .text                                    0x000006ae   Section        2  use_no_semi.o(.text)
    .text                                    0x000006b0   Section        0  indicate_semi.o(.text)
    .text                                    0x000006b0   Section       74  sys_stackheap_outer.o(.text)
    .text                                    0x000006fa   Section        0  exit.o(.text)
    .text                                    0x0000070c   Section        0  defsig_exit.o(.text)
    .text                                    0x00000718   Section        0  defsig_rtmem_inner.o(.text)
    .text                                    0x00000768   Section        0  defsig_general.o(.text)
    .text                                    0x0000079a   Section        0  sys_wrch.o(.text)
    i.Board_Debug_Init                       0x000007a8   Section        0  board.o(i.Board_Debug_Init)
    i.Board_Init                             0x00000808   Section        0  board.o(i.Board_Init)
    i.Board_LED_Set                          0x00000850   Section        0  board.o(i.Board_LED_Set)
    i.Board_SetupClocking                    0x00000874   Section        0  board_sysinit.o(i.Board_SetupClocking)
    i.Board_SetupMuxing                      0x000008ac   Section        0  board_sysinit.o(i.Board_SetupMuxing)
    i.Board_SystemInit                       0x000008fc   Section        0  board_sysinit.o(i.Board_SystemInit)
    i.Chip_Clock_EnablePeriphClock           0x00000914   Section        0  clock_15xx.o(i.Chip_Clock_EnablePeriphClock)
    i.Chip_Clock_GetMainClockRate            0x00000934   Section        0  clock_15xx.o(i.Chip_Clock_GetMainClockRate)
    i.Chip_Clock_GetMain_A_ClockRate         0x0000094c   Section        0  clock_15xx.o(i.Chip_Clock_GetMain_A_ClockRate)
    i.Chip_Clock_GetMain_B_ClockRate         0x00000980   Section        0  clock_15xx.o(i.Chip_Clock_GetMain_B_ClockRate)
    i.Chip_Clock_GetPLLFreq                  0x000009b4   Section        0  clock_15xx.o(i.Chip_Clock_GetPLLFreq)
    Chip_Clock_GetPLLFreq                    0x000009b5   Thumb Code    12  clock_15xx.o(i.Chip_Clock_GetPLLFreq)
    i.Chip_Clock_GetPLLInClockRate           0x000009c0   Section        0  clock_15xx.o(i.Chip_Clock_GetPLLInClockRate)
    Chip_Clock_GetPLLInClockRate             0x000009c1   Thumb Code    24  clock_15xx.o(i.Chip_Clock_GetPLLInClockRate)
    i.Chip_Clock_GetSystemClockRate          0x000009e0   Section        0  clock_15xx.o(i.Chip_Clock_GetSystemClockRate)
    i.Chip_Clock_GetSystemPLLInClockRate     0x000009f8   Section        0  clock_15xx.o(i.Chip_Clock_GetSystemPLLInClockRate)
    i.Chip_Clock_GetSystemPLLOutClockRate    0x00000a08   Section        0  clock_15xx.o(i.Chip_Clock_GetSystemPLLOutClockRate)
    i.Chip_Clock_GetUARTBaseClockRate        0x00000a24   Section        0  clock_15xx.o(i.Chip_Clock_GetUARTBaseClockRate)
    i.Chip_Clock_SetMainClockSource          0x00000a64   Section        0  clock_15xx.o(i.Chip_Clock_SetMainClockSource)
    i.Chip_Clock_SetUARTBaseClockRate        0x00000a84   Section        0  clock_15xx.o(i.Chip_Clock_SetUARTBaseClockRate)
    i.Chip_FMC_SetFLASHAccess                0x00000ad4   Section        0  sysinit_15xx.o(i.Chip_FMC_SetFLASHAccess)
    Chip_FMC_SetFLASHAccess                  0x00000ad5   Thumb Code    24  sysinit_15xx.o(i.Chip_FMC_SetFLASHAccess)
    i.Chip_GPIO_Init                         0x00000af0   Section        0  gpio_15xx.o(i.Chip_GPIO_Init)
    i.Chip_GPIO_SetPinDIR                    0x00000b1c   Section        0  gpio_15xx.o(i.Chip_GPIO_SetPinDIR)
    i.Chip_IOCON_SetPinMuxing                0x00000b38   Section        0  iocon_15xx.o(i.Chip_IOCON_SetPinMuxing)
    i.Chip_SCT_Init                          0x00000b5c   Section        0  sct_15xx.o(i.Chip_SCT_Init)
    i.Chip_SWM_MovablePinAssign              0x00000b7c   Section        0  swm_15xx.o(i.Chip_SWM_MovablePinAssign)
    i.Chip_SWM_MovablePortPinAssign          0x00000ba0   Section        0  main.o(i.Chip_SWM_MovablePortPinAssign)
    Chip_SWM_MovablePortPinAssign            0x00000ba1   Thumb Code    10  main.o(i.Chip_SWM_MovablePortPinAssign)
    i.Chip_SWM_MovablePortPinAssign          0x00000baa   Section        0  board.o(i.Chip_SWM_MovablePortPinAssign)
    Chip_SWM_MovablePortPinAssign            0x00000bab   Thumb Code    10  board.o(i.Chip_SWM_MovablePortPinAssign)
    i.Chip_SYSCTL_AssertPeriphReset          0x00000bb4   Section        0  sysctl_15xx.o(i.Chip_SYSCTL_AssertPeriphReset)
    i.Chip_SYSCTL_DeassertPeriphReset        0x00000bd8   Section        0  sysctl_15xx.o(i.Chip_SYSCTL_DeassertPeriphReset)
    i.Chip_SYSCTL_PeriphReset                0x00000bfc   Section        0  uart_15xx.o(i.Chip_SYSCTL_PeriphReset)
    Chip_SYSCTL_PeriphReset                  0x00000bfd   Thumb Code    18  uart_15xx.o(i.Chip_SYSCTL_PeriphReset)
    i.Chip_SYSCTL_PowerDown                  0x00000c10   Section        0  sysctl_15xx.o(i.Chip_SYSCTL_PowerDown)
    i.Chip_SYSCTL_PowerUp                    0x00000c2c   Section        0  sysctl_15xx.o(i.Chip_SYSCTL_PowerUp)
    i.Chip_SetupXtalClocking                 0x00000c48   Section        0  sysinit_15xx.o(i.Chip_SetupXtalClocking)
    i.Chip_UART_Init                         0x00000ca8   Section        0  uart_15xx.o(i.Chip_UART_Init)
    i.Chip_UART_Send                         0x00000cdc   Section        0  uart_15xx.o(i.Chip_UART_Send)
    i.Chip_UART_SendBlocking                 0x00000cf8   Section        0  uart_15xx.o(i.Chip_UART_SendBlocking)
    i.Chip_UART_SetBaud                      0x00000d1c   Section        0  uart_15xx.o(i.Chip_UART_SetBaud)
    i.Chip_UART_TXIntHandlerRB               0x00000d32   Section        0  uart_15xx.o(i.Chip_UART_TXIntHandlerRB)
    i.NVIC_EnableIRQ                         0x00000d54   Section        0  main.o(i.NVIC_EnableIRQ)
    NVIC_EnableIRQ                           0x00000d55   Thumb Code    26  main.o(i.NVIC_EnableIRQ)
    i.RingBuffer_Init                        0x00000d6e   Section        0  ring_buffer.o(i.RingBuffer_Init)
    i.RingBuffer_IsEmpty                     0x00000d7e   Section        0  ring_buffer.o(i.RingBuffer_IsEmpty)
    RingBuffer_IsEmpty                       0x00000d7f   Thumb Code    16  ring_buffer.o(i.RingBuffer_IsEmpty)
    i.RingBuffer_Pop                         0x00000d8e   Section        0  ring_buffer.o(i.RingBuffer_Pop)
    i.SCT0_IRQHandler                        0x00000dc0   Section        0  main.o(i.SCT0_IRQHandler)
    i.SCT0_Init                              0x00000e04   Section        0  main.o(i.SCT0_Init)
    i.SysTick_Handler                        0x00000e68   Section        0  port.o(i.SysTick_Handler)
    i.SystemCoreClockUpdate                  0x00000e8c   Section        0  chip_15xx.o(i.SystemCoreClockUpdate)
    i.SystemInit                             0x00000e9c   Section        0  sysinit.o(i.SystemInit)
    i.UART0_Task4                            0x00000ea0   Section        0  main.o(i.UART0_Task4)
    UART0_Task4                              0x00000ea1   Thumb Code    42  main.o(i.UART0_Task4)
    i.UART1_task3                            0x00000ed4   Section        0  main.o(i.UART1_task3)
    UART1_task3                              0x00000ed5   Thumb Code    56  main.o(i.UART1_task3)
    i.__user_heap_extend                     0x00000f18   Section        0  freertoscommonhooks.o(i.__user_heap_extend)
    __tagsym$$used                           0x00000f19   Number         0  freertoscommonhooks.o(i.__user_heap_extend)
    i._sys_exit                              0x00000f30   Section        0  board.o(i._sys_exit)
    i.getUARTClockID                         0x00000f34   Section        0  uart_15xx.o(i.getUARTClockID)
    getUARTClockID                           0x00000f35   Thumb Code    24  uart_15xx.o(i.getUARTClockID)
    i.main                                   0x00000f54   Section        0  main.o(i.main)
    i.pinmux                                 0x00000fe8   Section        0  main.o(i.pinmux)
    pinmux                                   0x00000fe9   Thumb Code    82  main.o(i.pinmux)
    i.prvCheckTasksWaitingTermination        0x00001040   Section        0  tasks.o(i.prvCheckTasksWaitingTermination)
    prvCheckTasksWaitingTermination          0x00001041   Thumb Code    76  tasks.o(i.prvCheckTasksWaitingTermination)
    i.prvIdleTask                            0x00001094   Section        0  tasks.o(i.prvIdleTask)
    prvIdleTask                              0x00001095   Thumb Code    24  tasks.o(i.prvIdleTask)
    i.prvResetNextTaskUnblockTime            0x000010b0   Section        0  tasks.o(i.prvResetNextTaskUnblockTime)
    prvResetNextTaskUnblockTime              0x000010b1   Thumb Code    26  tasks.o(i.prvResetNextTaskUnblockTime)
    i.prvTaskExitError                       0x000010d0   Section        0  port.o(i.prvTaskExitError)
    prvTaskExitError                         0x000010d1   Thumb Code     6  port.o(i.prvTaskExitError)
    i.pvPortMalloc                           0x000010d6   Section        0  heap_3.o(i.pvPortMalloc)
    i.pxPortInitialiseStack                  0x000010f0   Section        0  port.o(i.pxPortInitialiseStack)
    i.timer_task                             0x00001110   Section        0  main.o(i.timer_task)
    timer_task                               0x00001111   Thumb Code    28  main.o(i.timer_task)
    i.uart_init                              0x0000112c   Section        0  main.o(i.uart_init)
    uart_init                                0x0000112d   Thumb Code   144  main.o(i.uart_init)
    i.uxListRemove                           0x000011c8   Section        0  list.o(i.uxListRemove)
    i.vApplicationIdleHook                   0x000011ec   Section        0  freertoscommonhooks.o(i.vApplicationIdleHook)
    i.vListInitialise                        0x000011f0   Section        0  list.o(i.vListInitialise)
    i.vListInitialiseItem                    0x00001206   Section        0  list.o(i.vListInitialiseItem)
    i.vListInsertEnd                         0x0000120c   Section        0  list.o(i.vListInsertEnd)
    i.vPortEnterCritical                     0x00001224   Section        0  port.o(i.vPortEnterCritical)
    i.vPortExitCritical                      0x00001240   Section        0  port.o(i.vPortExitCritical)
    i.vPortFree                              0x00001254   Section        0  heap_3.o(i.vPortFree)
    i.vPortSetupTimerInterrupt               0x00001270   Section        0  port.o(i.vPortSetupTimerInterrupt)
    i.vPortYield                             0x00001290   Section        0  port.o(i.vPortYield)
    i.vTaskStartScheduler                    0x000012a8   Section        0  tasks.o(i.vTaskStartScheduler)
    i.vTaskSuspendAll                        0x000012f0   Section        0  tasks.o(i.vTaskSuspendAll)
    i.vTaskSwitchContext                     0x00001300   Section        0  tasks.o(i.vTaskSwitchContext)
    i.xPortStartScheduler                    0x00001344   Section        0  port.o(i.xPortStartScheduler)
    i.xTaskGenericCreate                     0x00001374   Section        0  tasks.o(i.xTaskGenericCreate)
    i.xTaskIncrementTick                     0x000014e0   Section        0  tasks.o(i.xTaskIncrementTick)
    i.xTaskResumeAll                         0x00001594   Section        0  tasks.o(i.xTaskResumeAll)
    .constdata                               0x00001634   Section      118  main.o(.constdata)
    .constdata                               0x000016ac   Section        4  board.o(.constdata)
    .constdata                               0x000016b0   Section        4  board.o(.constdata)
    .constdata                               0x000016b4   Section       21  board.o(.constdata)
    ledpins                                  0x000016b4   Data           3  board.o(.constdata)
    ledports                                 0x000016b7   Data           3  board.o(.constdata)
    portButton                               0x000016ba   Data           5  board.o(.constdata)
    pinButton                                0x000016bf   Data           5  board.o(.constdata)
    stateButton                              0x000016c4   Data           5  board.o(.constdata)
    .constdata                               0x000016cc   Section      124  board_sysinit.o(.constdata)
    swmSetup                                 0x000016cc   Data           6  board_sysinit.o(.constdata)
    ioconSetup                               0x000016d4   Data         116  board_sysinit.o(.constdata)
    .data                                    0x02000000   Section        1  main.o(.data)
    cnt                                      0x02000000   Data           1  main.o(.data)
    .data                                    0x02000004   Section       56  tasks.o(.data)
    uxTasksDeleted                           0x02000008   Data           4  tasks.o(.data)
    uxCurrentNumberOfTasks                   0x0200000c   Data           4  tasks.o(.data)
    xTickCount                               0x02000010   Data           4  tasks.o(.data)
    uxTopReadyPriority                       0x02000014   Data           4  tasks.o(.data)
    xSchedulerRunning                        0x02000018   Data           4  tasks.o(.data)
    uxPendedTicks                            0x0200001c   Data           4  tasks.o(.data)
    xYieldPending                            0x02000020   Data           4  tasks.o(.data)
    xNumOfOverflows                          0x02000024   Data           4  tasks.o(.data)
    uxTaskNumber                             0x02000028   Data           4  tasks.o(.data)
    xNextTaskUnblockTime                     0x0200002c   Data           4  tasks.o(.data)
    uxSchedulerSuspended                     0x02000030   Data           4  tasks.o(.data)
    pxDelayedTaskList                        0x02000034   Data           4  tasks.o(.data)
    pxOverflowDelayedTaskList                0x02000038   Data           4  tasks.o(.data)
    .data                                    0x0200003c   Section        4  port.o(.data)
    uxCriticalNesting                        0x0200003c   Data           4  port.o(.data)
    .data                                    0x02000040   Section        4  chip_15xx.o(.data)
    .bss                                     0x02000044   Section      552  main.o(.bss)
    txring                                   0x02000044   Data          20  main.o(.bss)
    rxring                                   0x02000058   Data          20  main.o(.bss)
    rxbuff                                   0x0200006c   Data         128  main.o(.bss)
    txbuff                                   0x020000ec   Data         128  main.o(.bss)
    rxbuff1                                  0x0200016c   Data         128  main.o(.bss)
    txbuff1                                  0x020001ec   Data         128  main.o(.bss)
    .bss                                     0x0200026c   Section      260  tasks.o(.bss)
    pxReadyTasksLists                        0x0200026c   Data         160  tasks.o(.bss)
    xDelayedTaskList1                        0x0200030c   Data          20  tasks.o(.bss)
    xDelayedTaskList2                        0x02000320   Data          20  tasks.o(.bss)
    xPendingReadyList                        0x02000334   Data          20  tasks.o(.bss)
    xTasksWaitingTermination                 0x02000348   Data          20  tasks.o(.bss)
    xSuspendedTaskList                       0x0200035c   Data          20  tasks.o(.bss)
    .bss                                     0x02000370   Section    24576  freertoscommonhooks.o(.bss)
    extra_heap                               0x02000370   Data       24576  freertoscommonhooks.o(.bss)
    .bss                                     0x02006370   Section       96  libspace.o(.bss)
    HEAP                                     0x020063d0   Section      256  keil_startup_lpc15xx.o(HEAP)
    Heap_Mem                                 0x020063d0   Data         256  keil_startup_lpc15xx.o(HEAP)
    STACK                                    0x020064d0   Section      512  keil_startup_lpc15xx.o(STACK)
    Stack_Mem                                0x020064d0   Data         512  keil_startup_lpc15xx.o(STACK)
    __initial_sp                             0x020066d0   Data           0  keil_startup_lpc15xx.o(STACK)

    Global Symbols

    Symbol Name                              Value     Ov Type        Size  Object(Section)

    BuildAttributes$$THM_ISAv4$P$D$K$B$S$PE$A:L22UL41UL21$X:L11$S22US41US21$IEEE1$IW$USESV6$~STKCKD$USESV7$~SHL$OTIME$ROPI$EBA8$UX$STANDARDLIB$REQ8$PRES8$EABIv2 0x00000000   Number         0  anon$$obj.o ABSOLUTE
    __ARM_use_no_argv                        0x00000000   Number         0  main.o ABSOLUTE
    __Vectors                                0x00000000   Data           4  keil_startup_lpc15xx.o(RESET)
    __ARM_exceptions_init                     - Undefined Weak Reference
    __alloca_initialize                       - Undefined Weak Reference
    __arm_preinit_                            - Undefined Weak Reference
    __cpp_initialize__aeabi_                  - Undefined Weak Reference
    __cxa_finalize                            - Undefined Weak Reference
    __rt_locale                               - Undefined Weak Reference
    __sigvec_lookup                           - Undefined Weak Reference
    __user_heap_extent                        - Undefined Weak Reference
    _atexit_init                              - Undefined Weak Reference
    _call_atexit_fns                          - Undefined Weak Reference
    _clock_init                               - Undefined Weak Reference
    _fp_trap_init                             - Undefined Weak Reference
    _fp_trap_shutdown                         - Undefined Weak Reference
    _get_lc_collate                           - Undefined Weak Reference
    _get_lc_ctype                             - Undefined Weak Reference
    _get_lc_monetary                          - Undefined Weak Reference
    _get_lc_numeric                           - Undefined Weak Reference
    _get_lc_time                              - Undefined Weak Reference
    _getenv_init                              - Undefined Weak Reference
    _handle_redirection                       - Undefined Weak Reference
    _initio                                   - Undefined Weak Reference
    _mutex_acquire                            - Undefined Weak Reference
    _mutex_free                               - Undefined Weak Reference
    _mutex_release                            - Undefined Weak Reference
    _rand_init                                - Undefined Weak Reference
    _signal_finish                            - Undefined Weak Reference
    _signal_init                              - Undefined Weak Reference
    _terminateio                              - Undefined Weak Reference
    __main                                   0x000000fd   Thumb Code     8  __main.o(!!!main)
    __scatterload                            0x00000105   Thumb Code     0  __scatter.o(!!!scatter)
    __scatterload_rt2                        0x00000105   Thumb Code    44  __scatter.o(!!!scatter)
    __scatterload_rt2_thumb_only             0x00000105   Thumb Code     0  __scatter.o(!!!scatter)
    __scatterload_null                       0x00000113   Thumb Code     0  __scatter.o(!!!scatter)
    __scatterload_copy                       0x00000139   Thumb Code    26  __scatter_copy.o(!!handler_copy)
    __scatterload_zeroinit                   0x00000155   Thumb Code    28  __scatter_zi.o(!!handler_zi)
    __rt_lib_init                            0x00000171   Thumb Code     0  libinit.o(.ARM.Collect$$libinit$$00000000)
    __rt_lib_init_fp_1                       0x00000173   Thumb Code     0  libinit2.o(.ARM.Collect$$libinit$$00000002)
    __rt_lib_init_heap_2                     0x00000173   Thumb Code     0  libinit2.o(.ARM.Collect$$libinit$$00000005)
    __rt_lib_init_preinit_1                  0x00000173   Thumb Code     0  libinit2.o(.ARM.Collect$$libinit$$00000004)
    __rt_lib_init_alloca_1                   0x0000017b   Thumb Code     0  libinit2.o(.ARM.Collect$$libinit$$0000002E)
    __rt_lib_init_argv_1                     0x0000017b   Thumb Code     0  libinit2.o(.ARM.Collect$$libinit$$0000002C)
    __rt_lib_init_atexit_1                   0x0000017b   Thumb Code     0  libinit2.o(.ARM.Collect$$libinit$$0000001B)
    __rt_lib_init_clock_1                    0x0000017b   Thumb Code     0  libinit2.o(.ARM.Collect$$libinit$$00000021)
    __rt_lib_init_cpp_1                      0x0000017b   Thumb Code     0  libinit2.o(.ARM.Collect$$libinit$$00000032)
    __rt_lib_init_exceptions_1               0x0000017b   Thumb Code     0  libinit2.o(.ARM.Collect$$libinit$$00000030)
    __rt_lib_init_fp_trap_1                  0x0000017b   Thumb Code     0  libinit2.o(.ARM.Collect$$libinit$$0000001F)
    __rt_lib_init_getenv_1                   0x0000017b   Thumb Code     0  libinit2.o(.ARM.Collect$$libinit$$00000023)
    __rt_lib_init_heap_1                     0x0000017b   Thumb Code     0  libinit2.o(.ARM.Collect$$libinit$$0000000A)
    __rt_lib_init_lc_collate_1               0x0000017b   Thumb Code     0  libinit2.o(.ARM.Collect$$libinit$$00000011)
    __rt_lib_init_lc_ctype_1                 0x0000017b   Thumb Code     0  libinit2.o(.ARM.Collect$$libinit$$00000013)
    __rt_lib_init_lc_monetary_1              0x0000017b   Thumb Code     0  libinit2.o(.ARM.Collect$$libinit$$00000015)
    __rt_lib_init_lc_numeric_1               0x0000017b   Thumb Code     0  libinit2.o(.ARM.Collect$$libinit$$00000017)
    __rt_lib_init_lc_time_1                  0x0000017b   Thumb Code     0  libinit2.o(.ARM.Collect$$libinit$$00000019)
    __rt_lib_init_rand_1                     0x0000017b   Thumb Code     0  libinit2.o(.ARM.Collect$$libinit$$0000000E)
    __rt_lib_init_return                     0x0000017b   Thumb Code     0  libinit2.o(.ARM.Collect$$libinit$$00000033)
    __rt_lib_init_signal_1                   0x0000017b   Thumb Code     0  libinit2.o(.ARM.Collect$$libinit$$0000001D)
    __rt_lib_init_stdio_1                    0x0000017b   Thumb Code     0  libinit2.o(.ARM.Collect$$libinit$$00000025)
    __rt_lib_init_user_alloc_1               0x0000017b   Thumb Code     0  libinit2.o(.ARM.Collect$$libinit$$0000000C)
    __rt_lib_shutdown                        0x0000017d   Thumb Code     0  libshutdown.o(.ARM.Collect$$libshutdown$$00000000)
    __rt_lib_shutdown_cpp_1                  0x0000017f   Thumb Code     0  libshutdown2.o(.ARM.Collect$$libshutdown$$00000002)
    __rt_lib_shutdown_fp_trap_1              0x0000017f   Thumb Code     0  libshutdown2.o(.ARM.Collect$$libshutdown$$00000007)
    __rt_lib_shutdown_heap_1                 0x0000017f   Thumb Code     0  libshutdown2.o(.ARM.Collect$$libshutdown$$0000000F)
    __rt_lib_shutdown_return                 0x0000017f   Thumb Code     0  libshutdown2.o(.ARM.Collect$$libshutdown$$00000010)
    __rt_lib_shutdown_signal_1               0x0000017f   Thumb Code     0  libshutdown2.o(.ARM.Collect$$libshutdown$$0000000A)
    __rt_lib_shutdown_stdio_1                0x0000017f   Thumb Code     0  libshutdown2.o(.ARM.Collect$$libshutdown$$00000004)
    __rt_lib_shutdown_user_alloc_1           0x0000017f   Thumb Code     0  libshutdown2.o(.ARM.Collect$$libshutdown$$0000000C)
    __rt_entry                               0x00000181   Thumb Code     0  __rtentry.o(.ARM.Collect$$rtentry$$00000000)
    __rt_entry_presh_1                       0x00000181   Thumb Code     0  __rtentry2.o(.ARM.Collect$$rtentry$$00000002)
    __rt_entry_sh                            0x00000181   Thumb Code     0  __rtentry4.o(.ARM.Collect$$rtentry$$00000004)
    __rt_entry_li                            0x00000187   Thumb Code     0  __rtentry2.o(.ARM.Collect$$rtentry$$0000000A)
    __rt_entry_postsh_1                      0x00000187   Thumb Code     0  __rtentry2.o(.ARM.Collect$$rtentry$$00000009)
    __rt_entry_main                          0x0000018b   Thumb Code     0  __rtentry2.o(.ARM.Collect$$rtentry$$0000000D)
    __rt_entry_postli_1                      0x0000018b   Thumb Code     0  __rtentry2.o(.ARM.Collect$$rtentry$$0000000C)
    __rt_exit                                0x00000193   Thumb Code     0  rtexit.o(.ARM.Collect$$rtexit$$00000000)
    __rt_exit_ls                             0x00000195   Thumb Code     0  rtexit2.o(.ARM.Collect$$rtexit$$00000003)
    __rt_exit_prels_1                        0x00000195   Thumb Code     0  rtexit2.o(.ARM.Collect$$rtexit$$00000002)
    __rt_exit_exit                           0x00000199   Thumb Code     0  rtexit2.o(.ARM.Collect$$rtexit$$00000004)
    SVC_Handler                              0x000001a1   Thumb Code    32  port.o(.emb_text)
    __asm___6_port_c_39a90d8d__prvStartFirstTask 0x000001c5   Thumb Code    28  port.o(.emb_text)
    PendSV_Handler                           0x000001e5   Thumb Code    64  port.o(.emb_text)
    ulPortSetInterruptMask                   0x00000229   Thumb Code    14  port.o(.emb_text)
    vPortClearInterruptMask                  0x00000237   Thumb Code     6  port.o(.emb_text)
    vPortGetIPSR                             0x0000023d   Thumb Code     6  port.o(.emb_text)
    Reset_Handler                            0x00000245   Thumb Code     8  keil_startup_lpc15xx.o(.text)
    _maybe_terminate_alloc                   0x00000245   Thumb Code     0  maybetermalloc1.o(.emb_text)
    NMI_Handler                              0x0000024d   Thumb Code     2  keil_startup_lpc15xx.o(.text)
    HardFault_Handler                        0x0000024f   Thumb Code     2  keil_startup_lpc15xx.o(.text)
    Reserved_IRQHandler                      0x00000257   Thumb Code     2  keil_startup_lpc15xx.o(.text)
    ACMP0_IRQHandler                         0x00000259   Thumb Code     0  keil_startup_lpc15xx.o(.text)
    ACMP1_IRQHandler                         0x00000259   Thumb Code     0  keil_startup_lpc15xx.o(.text)
    ACMP2_IRQHandler                         0x00000259   Thumb Code     0  keil_startup_lpc15xx.o(.text)
    ACMP3_IRQHandler                         0x00000259   Thumb Code     0  keil_startup_lpc15xx.o(.text)
    ADC0A_IRQHandler                         0x00000259   Thumb Code     0  keil_startup_lpc15xx.o(.text)
    ADC0B_IRQHandler                         0x00000259   Thumb Code     0  keil_startup_lpc15xx.o(.text)
    ADC0_OVR_IRQHandler                      0x00000259   Thumb Code     0  keil_startup_lpc15xx.o(.text)
    ADC0_THCMP_IRQHandler                    0x00000259   Thumb Code     0  keil_startup_lpc15xx.o(.text)
    ADC1A_IRQHandler                         0x00000259   Thumb Code     0  keil_startup_lpc15xx.o(.text)
    ADC1B_IRQHandler                         0x00000259   Thumb Code     0  keil_startup_lpc15xx.o(.text)
    ADC1_OVR_IRQHandler                      0x00000259   Thumb Code     0  keil_startup_lpc15xx.o(.text)
    ADC1_THCMP_IRQHandler                    0x00000259   Thumb Code     0  keil_startup_lpc15xx.o(.text)
    BOD_IRQHandler                           0x00000259   Thumb Code     0  keil_startup_lpc15xx.o(.text)
    CAN_IRQHandler                           0x00000259   Thumb Code     0  keil_startup_lpc15xx.o(.text)
    DAC_IRQHandler                           0x00000259   Thumb Code     0  keil_startup_lpc15xx.o(.text)
    DMA_IRQHandler                           0x00000259   Thumb Code     0  keil_startup_lpc15xx.o(.text)
    EEPROM_IRQHandler                        0x00000259   Thumb Code     0  keil_startup_lpc15xx.o(.text)
    FMC_IRQHandler                           0x00000259   Thumb Code     0  keil_startup_lpc15xx.o(.text)
    GINT0_IRQHandler                         0x00000259   Thumb Code     0  keil_startup_lpc15xx.o(.text)
    GINT1_IRQHandler                         0x00000259   Thumb Code     0  keil_startup_lpc15xx.o(.text)
    I2C0_IRQHandler                          0x00000259   Thumb Code     0  keil_startup_lpc15xx.o(.text)
    MRT_IRQHandler                           0x00000259   Thumb Code     0  keil_startup_lpc15xx.o(.text)
    PIN_INT0_IRQHandler                      0x00000259   Thumb Code     0  keil_startup_lpc15xx.o(.text)
    PIN_INT1_IRQHandler                      0x00000259   Thumb Code     0  keil_startup_lpc15xx.o(.text)
    PIN_INT2_IRQHandler                      0x00000259   Thumb Code     0  keil_startup_lpc15xx.o(.text)
    PIN_INT3_IRQHandler                      0x00000259   Thumb Code     0  keil_startup_lpc15xx.o(.text)
    PIN_INT4_IRQHandler                      0x00000259   Thumb Code     0  keil_startup_lpc15xx.o(.text)
    PIN_INT5_IRQHandler                      0x00000259   Thumb Code     0  keil_startup_lpc15xx.o(.text)
    PIN_INT6_IRQHandler                      0x00000259   Thumb Code     0  keil_startup_lpc15xx.o(.text)
    PIN_INT7_IRQHandler                      0x00000259   Thumb Code     0  keil_startup_lpc15xx.o(.text)
    QEI_IRQHandler                           0x00000259   Thumb Code     0  keil_startup_lpc15xx.o(.text)
    RIT_IRQHandler                           0x00000259   Thumb Code     0  keil_startup_lpc15xx.o(.text)
    RTC_ALARM_IRQHandler                     0x00000259   Thumb Code     0  keil_startup_lpc15xx.o(.text)
    RTC_WAKE_IRQHandler                      0x00000259   Thumb Code     0  keil_startup_lpc15xx.o(.text)
    SCT1_IRQHandler                          0x00000259   Thumb Code     0  keil_startup_lpc15xx.o(.text)
    SCT2_IRQHandler                          0x00000259   Thumb Code     0  keil_startup_lpc15xx.o(.text)
    SCT3_IRQHandler                          0x00000259   Thumb Code     0  keil_startup_lpc15xx.o(.text)
    SPI0_IRQHandler                          0x00000259   Thumb Code     0  keil_startup_lpc15xx.o(.text)
    SPI1_IRQHandler                          0x00000259   Thumb Code     0  keil_startup_lpc15xx.o(.text)
    UART0_IRQHandler                         0x00000259   Thumb Code     0  keil_startup_lpc15xx.o(.text)
    UART1_IRQHandler                         0x00000259   Thumb Code     0  keil_startup_lpc15xx.o(.text)
    UART2_IRQHandler                         0x00000259   Thumb Code     0  keil_startup_lpc15xx.o(.text)
    USBWakeup_IRQHandler                     0x00000259   Thumb Code     0  keil_startup_lpc15xx.o(.text)
    USB_FIQHandler                           0x00000259   Thumb Code     0  keil_startup_lpc15xx.o(.text)
    USB_IRQHandler                           0x00000259   Thumb Code     0  keil_startup_lpc15xx.o(.text)
    WDT_IRQHandler                           0x00000259   Thumb Code     0  keil_startup_lpc15xx.o(.text)
    __user_initial_stackheap                 0x0000025d   Thumb Code     0  keil_startup_lpc15xx.o(.text)
    malloc                                   0x00000281   Thumb Code    94  h1_alloc.o(.text)
    __aeabi_memset                           0x000002df   Thumb Code    16  aeabi_memset.o(.text)
    __use_two_region_memory                  0x000002ef   Thumb Code     2  heapauxi.o(.text)
    __rt_heap_escrow$2region                 0x000002f1   Thumb Code     2  heapauxi.o(.text)
    __rt_heap_expand$2region                 0x000002f3   Thumb Code     2  heapauxi.o(.text)
    __rt_heap_descriptor                     0x000002f5   Thumb Code     8  rt_heap_descriptor_intlibspace.o(.text)
    free                                     0x00000301   Thumb Code    78  h1_free.o(.text)
    __aeabi_uldivmod                         0x0000034f   Thumb Code     0  lludivv7m.o(.text)
    _ll_udiv                                 0x0000034f   Thumb Code   238  lludivv7m.o(.text)
    __aeabi_memcpy                           0x0000043d   Thumb Code     0  rt_memcpy_v6.o(.text)
    __rt_memcpy                              0x0000043d   Thumb Code   138  rt_memcpy_v6.o(.text)
    _memcpy_lastbytes                        0x000004a3   Thumb Code     0  rt_memcpy_v6.o(.text)
    __use_no_heap                            0x000004c7   Thumb Code     2  hguard.o(.text)
    __heap$guard                             0x000004c9   Thumb Code     2  hguard.o(.text)
    _terminate_user_alloc                    0x000004cb   Thumb Code     2  init_alloc.o(.text)
    _init_user_alloc                         0x000004cd   Thumb Code     2  init_alloc.o(.text)
    __Heap_Full                              0x000004cf   Thumb Code    34  init_alloc.o(.text)
    __Heap_Broken                            0x000004f1   Thumb Code     6  init_alloc.o(.text)
    _init_alloc                              0x000004f7   Thumb Code    94  init_alloc.o(.text)
    __Heap_Initialize                        0x00000555   Thumb Code    10  h1_init.o(.text)
    __Heap_DescSize                          0x0000055f   Thumb Code     4  h1_init.o(.text)
    __aeabi_memcpy4                          0x00000563   Thumb Code     0  rt_memcpy_w.o(.text)
    __aeabi_memcpy8                          0x00000563   Thumb Code     0  rt_memcpy_w.o(.text)
    __rt_memcpy_w                            0x00000563   Thumb Code   100  rt_memcpy_w.o(.text)
    _memcpy_lastbytes_aligned                0x000005ab   Thumb Code     0  rt_memcpy_w.o(.text)
    __aeabi_memclr                           0x000005c7   Thumb Code     0  rt_memclr.o(.text)
    __rt_memclr                              0x000005c7   Thumb Code    68  rt_memclr.o(.text)
    _memset                                  0x000005cb   Thumb Code     0  rt_memclr.o(.text)
    __user_libspace                          0x0000060d   Thumb Code     8  libspace.o(.text)
    __user_perproc_libspace                  0x0000060d   Thumb Code     0  libspace.o(.text)
    __user_perthread_libspace                0x0000060d   Thumb Code     0  libspace.o(.text)
    __Heap_ProvideMemory                     0x00000615   Thumb Code    52  h1_extend.o(.text)
    __rt_SIGRTMEM                            0x00000649   Thumb Code    14  defsig_rtmem_outer.o(.text)
    __aeabi_memclr4                          0x00000657   Thumb Code     0  rt_memclr_w.o(.text)
    __aeabi_memclr8                          0x00000657   Thumb Code     0  rt_memclr_w.o(.text)
    __rt_memclr_w                            0x00000657   Thumb Code    78  rt_memclr_w.o(.text)
    _memset_w                                0x0000065b   Thumb Code     0  rt_memclr_w.o(.text)
    __rt_heap_escrow                         0x000006a5   Thumb Code     2  heapauxiu.o(.text)
    __rt_heap_expand                         0x000006a7   Thumb Code     8  heapauxiu.o(.text)
    __I$use$semihosting                      0x000006af   Thumb Code     0  use_no_semi.o(.text)
    __use_no_semihosting_swi                 0x000006af   Thumb Code     2  use_no_semi.o(.text)
    __semihosting_library_function           0x000006b1   Thumb Code     0  indicate_semi.o(.text)
    __user_setup_stackheap                   0x000006b1   Thumb Code    74  sys_stackheap_outer.o(.text)
    exit                                     0x000006fb   Thumb Code    18  exit.o(.text)
    __sig_exit                               0x0000070d   Thumb Code    10  defsig_exit.o(.text)
    __rt_SIGRTMEM_inner                      0x00000719   Thumb Code    22  defsig_rtmem_inner.o(.text)
    __default_signal_display                 0x00000769   Thumb Code    50  defsig_general.o(.text)
    _ttywrch                                 0x0000079b   Thumb Code    14  sys_wrch.o(.text)
    Board_Debug_Init                         0x000007a9   Thumb Code    88  board.o(i.Board_Debug_Init)
    Board_Init                               0x00000809   Thumb Code    68  board.o(i.Board_Init)
    Board_LED_Set                            0x00000851   Thumb Code    32  board.o(i.Board_LED_Set)
    Board_SetupClocking                      0x00000875   Thumb Code    50  board_sysinit.o(i.Board_SetupClocking)
    Board_SetupMuxing                        0x000008ad   Thumb Code    72  board_sysinit.o(i.Board_SetupMuxing)
    Board_SystemInit                         0x000008fd   Thumb Code    20  board_sysinit.o(i.Board_SystemInit)
    Chip_Clock_EnablePeriphClock             0x00000915   Thumb Code    28  clock_15xx.o(i.Chip_Clock_EnablePeriphClock)
    Chip_Clock_GetMainClockRate              0x00000935   Thumb Code    20  clock_15xx.o(i.Chip_Clock_GetMainClockRate)
    Chip_Clock_GetMain_A_ClockRate           0x0000094d   Thumb Code    36  clock_15xx.o(i.Chip_Clock_GetMain_A_ClockRate)
    Chip_Clock_GetMain_B_ClockRate           0x00000981   Thumb Code    44  clock_15xx.o(i.Chip_Clock_GetMain_B_ClockRate)
    Chip_Clock_GetSystemClockRate            0x000009e1   Thumb Code    18  clock_15xx.o(i.Chip_Clock_GetSystemClockRate)
    Chip_Clock_GetSystemPLLInClockRate       0x000009f9   Thumb Code    10  clock_15xx.o(i.Chip_Clock_GetSystemPLLInClockRate)
    Chip_Clock_GetSystemPLLOutClockRate      0x00000a09   Thumb Code    22  clock_15xx.o(i.Chip_Clock_GetSystemPLLOutClockRate)
    Chip_Clock_GetUARTBaseClockRate          0x00000a25   Thumb Code    60  clock_15xx.o(i.Chip_Clock_GetUARTBaseClockRate)
    Chip_Clock_SetMainClockSource            0x00000a65   Thumb Code    26  clock_15xx.o(i.Chip_Clock_SetMainClockSource)
    Chip_Clock_SetUARTBaseClockRate          0x00000a85   Thumb Code    76  clock_15xx.o(i.Chip_Clock_SetUARTBaseClockRate)
    Chip_GPIO_Init                           0x00000af1   Thumb Code    44  gpio_15xx.o(i.Chip_GPIO_Init)
    Chip_GPIO_SetPinDIR                      0x00000b1d   Thumb Code    26  gpio_15xx.o(i.Chip_GPIO_SetPinDIR)
    Chip_IOCON_SetPinMuxing                  0x00000b39   Thumb Code    36  iocon_15xx.o(i.Chip_IOCON_SetPinMuxing)
    Chip_SCT_Init                            0x00000b5d   Thumb Code    30  sct_15xx.o(i.Chip_SCT_Init)
    Chip_SWM_MovablePinAssign                0x00000b7d   Thumb Code    30  swm_15xx.o(i.Chip_SWM_MovablePinAssign)
    Chip_SYSCTL_AssertPeriphReset            0x00000bb5   Thumb Code    30  sysctl_15xx.o(i.Chip_SYSCTL_AssertPeriphReset)
    Chip_SYSCTL_DeassertPeriphReset          0x00000bd9   Thumb Code    30  sysctl_15xx.o(i.Chip_SYSCTL_DeassertPeriphReset)
    Chip_SYSCTL_PowerDown                    0x00000c11   Thumb Code    20  sysctl_15xx.o(i.Chip_SYSCTL_PowerDown)
    Chip_SYSCTL_PowerUp                      0x00000c2d   Thumb Code    20  sysctl_15xx.o(i.Chip_SYSCTL_PowerUp)
    Chip_SetupXtalClocking                   0x00000c49   Thumb Code    92  sysinit_15xx.o(i.Chip_SetupXtalClocking)
    Chip_UART_Init                           0x00000ca9   Thumb Code    42  uart_15xx.o(i.Chip_UART_Init)
    Chip_UART_Send                           0x00000cdd   Thumb Code    28  uart_15xx.o(i.Chip_UART_Send)
    Chip_UART_SendBlocking                   0x00000cf9   Thumb Code    36  uart_15xx.o(i.Chip_UART_SendBlocking)
    Chip_UART_SetBaud                        0x00000d1d   Thumb Code    22  uart_15xx.o(i.Chip_UART_SetBaud)
    Chip_UART_TXIntHandlerRB                 0x00000d33   Thumb Code    34  uart_15xx.o(i.Chip_UART_TXIntHandlerRB)
    RingBuffer_Init                          0x00000d6f   Thumb Code    16  ring_buffer.o(i.RingBuffer_Init)
    RingBuffer_Pop                           0x00000d8f   Thumb Code    48  ring_buffer.o(i.RingBuffer_Pop)
    SCT0_IRQHandler                          0x00000dc1   Thumb Code    48  main.o(i.SCT0_IRQHandler)
    SCT0_Init                                0x00000e05   Thumb Code    88  main.o(i.SCT0_Init)
    SysTick_Handler                          0x00000e69   Thumb Code    30  port.o(i.SysTick_Handler)
    SystemCoreClockUpdate                    0x00000e8d   Thumb Code    12  chip_15xx.o(i.SystemCoreClockUpdate)
    SystemInit                               0x00000e9d   Thumb Code     4  sysinit.o(i.SystemInit)
    __user_heap_extend                       0x00000f19   Thumb Code    18  freertoscommonhooks.o(i.__user_heap_extend)
    _sys_exit                                0x00000f31   Thumb Code     4  board.o(i._sys_exit)
    main                                     0x00000f55   Thumb Code   100  main.o(i.main)
    pvPortMalloc                             0x000010d7   Thumb Code    24  heap_3.o(i.pvPortMalloc)
    pxPortInitialiseStack                    0x000010f1   Thumb Code    28  port.o(i.pxPortInitialiseStack)
    uxListRemove                             0x000011c9   Thumb Code    36  list.o(i.uxListRemove)
    vApplicationIdleHook                     0x000011ed   Thumb Code     4  freertoscommonhooks.o(i.vApplicationIdleHook)
    vListInitialise                          0x000011f1   Thumb Code    22  list.o(i.vListInitialise)
    vListInitialiseItem                      0x00001207   Thumb Code     6  list.o(i.vListInitialiseItem)
    vListInsertEnd                           0x0000120d   Thumb Code    24  list.o(i.vListInsertEnd)
    vPortEnterCritical                       0x00001225   Thumb Code    24  port.o(i.vPortEnterCritical)
    vPortExitCritical                        0x00001241   Thumb Code    16  port.o(i.vPortExitCritical)
    vPortFree                                0x00001255   Thumb Code    26  heap_3.o(i.vPortFree)
    vPortSetupTimerInterrupt                 0x00001271   Thumb Code    26  port.o(i.vPortSetupTimerInterrupt)
    vPortYield                               0x00001291   Thumb Code    18  port.o(i.vPortYield)
    vTaskStartScheduler                      0x000012a9   Thumb Code    54  tasks.o(i.vTaskStartScheduler)
    vTaskSuspendAll                          0x000012f1   Thumb Code    10  tasks.o(i.vTaskSuspendAll)
    vTaskSwitchContext                       0x00001301   Thumb Code    60  tasks.o(i.vTaskSwitchContext)
    xPortStartScheduler                      0x00001345   Thumb Code    38  port.o(i.xPortStartScheduler)
    xTaskGenericCreate                       0x00001375   Thumb Code   356  tasks.o(i.xTaskGenericCreate)
    xTaskIncrementTick                       0x000014e1   Thumb Code   172  tasks.o(i.xTaskIncrementTick)
    xTaskResumeAll                           0x00001595   Thumb Code   150  tasks.o(i.xTaskResumeAll)
    inst1                                    0x00001634   Data          43  main.o(.constdata)
    inst2                                    0x0000165f   Data          45  main.o(.constdata)
    msg                                      0x0000168c   Data          30  main.o(.constdata)
    OscRateIn                                0x000016ac   Data           4  board.o(.constdata)
    RTCOscRateIn                             0x000016b0   Data           4  board.o(.constdata)
    Region$$Table$$Base                      0x00001748   Number         0  anon$$obj.o(Region$$Table)
    Region$$Table$$Limit                     0x00001768   Number         0  anon$$obj.o(Region$$Table)
    pxCurrentTCB                             0x02000004   Data           4  tasks.o(.data)
    SystemCoreClock                          0x02000040   Data           4  chip_15xx.o(.data)
    __libspace_start                         0x02006370   Data          96  libspace.o(.bss)
    __temporary_stack_top$libspace           0x020063d0   Data           0  libspace.o(.bss)



==============================================================================

Memory Map of the image

  Image Entry point : 0x000000fd

  Load Region LR_IROM1 (Base: 0x00000000, Size: 0x000017ac, Max: 0x00040000, ABSOLUTE)

    Execution Region ER_IROM1 (Base: 0x00000000, Size: 0x00001768, Max: 0x00040000, ABSOLUTE)

    Base Addr    Size         Type   Attr      Idx    E Section Name        Object

    0x00000000   0x000000fc   Data   RO            3    RESET               keil_startup_lpc15xx.o
    0x000000fc   0x00000008   Code   RO         2389  * !!!main             c_w.l(__main.o)
    0x00000104   0x00000034   Code   RO         2609    !!!scatter          c_w.l(__scatter.o)
    0x00000138   0x0000001a   Code   RO         2611    !!handler_copy      c_w.l(__scatter_copy.o)
    0x00000152   0x00000002   PAD
    0x00000154   0x0000001c   Code   RO         2613    !!handler_zi        c_w.l(__scatter_zi.o)
    0x00000170   0x00000002   Code   RO         2550    .ARM.Collect$$libinit$$00000000  c_w.l(libinit.o)
    0x00000172   0x00000000   Code   RO         2430    .ARM.Collect$$libinit$$00000002  c_w.l(libinit2.o)
    0x00000172   0x00000000   Code   RO         2432    .ARM.Collect$$libinit$$00000004  c_w.l(libinit2.o)
    0x00000172   0x00000008   Code   RO         2433    .ARM.Collect$$libinit$$00000005  c_w.l(libinit2.o)
    0x0000017a   0x00000000   Code   RO         2435    .ARM.Collect$$libinit$$0000000A  c_w.l(libinit2.o)
    0x0000017a   0x00000000   Code   RO         2437    .ARM.Collect$$libinit$$0000000C  c_w.l(libinit2.o)
    0x0000017a   0x00000000   Code   RO         2439    .ARM.Collect$$libinit$$0000000E  c_w.l(libinit2.o)
    0x0000017a   0x00000000   Code   RO         2442    .ARM.Collect$$libinit$$00000011  c_w.l(libinit2.o)
    0x0000017a   0x00000000   Code   RO         2444    .ARM.Collect$$libinit$$00000013  c_w.l(libinit2.o)
    0x0000017a   0x00000000   Code   RO         2446    .ARM.Collect$$libinit$$00000015  c_w.l(libinit2.o)
    0x0000017a   0x00000000   Code   RO         2448    .ARM.Collect$$libinit$$00000017  c_w.l(libinit2.o)
    0x0000017a   0x00000000   Code   RO         2450    .ARM.Collect$$libinit$$00000019  c_w.l(libinit2.o)
    0x0000017a   0x00000000   Code   RO         2452    .ARM.Collect$$libinit$$0000001B  c_w.l(libinit2.o)
    0x0000017a   0x00000000   Code   RO         2454    .ARM.Collect$$libinit$$0000001D  c_w.l(libinit2.o)
    0x0000017a   0x00000000   Code   RO         2456    .ARM.Collect$$libinit$$0000001F  c_w.l(libinit2.o)
    0x0000017a   0x00000000   Code   RO         2458    .ARM.Collect$$libinit$$00000021  c_w.l(libinit2.o)
    0x0000017a   0x00000000   Code   RO         2460    .ARM.Collect$$libinit$$00000023  c_w.l(libinit2.o)
    0x0000017a   0x00000000   Code   RO         2462    .ARM.Collect$$libinit$$00000025  c_w.l(libinit2.o)
    0x0000017a   0x00000000   Code   RO         2466    .ARM.Collect$$libinit$$0000002C  c_w.l(libinit2.o)
    0x0000017a   0x00000000   Code   RO         2468    .ARM.Collect$$libinit$$0000002E  c_w.l(libinit2.o)
    0x0000017a   0x00000000   Code   RO         2470    .ARM.Collect$$libinit$$00000030  c_w.l(libinit2.o)
    0x0000017a   0x00000000   Code   RO         2472    .ARM.Collect$$libinit$$00000032  c_w.l(libinit2.o)
    0x0000017a   0x00000002   Code   RO         2473    .ARM.Collect$$libinit$$00000033  c_w.l(libinit2.o)
    0x0000017c   0x00000002   Code   RO         2606    .ARM.Collect$$libshutdown$$00000000  c_w.l(libshutdown.o)
    0x0000017e   0x00000000   Code   RO         2564    .ARM.Collect$$libshutdown$$00000002  c_w.l(libshutdown2.o)
    0x0000017e   0x00000000   Code   RO         2566    .ARM.Collect$$libshutdown$$00000004  c_w.l(libshutdown2.o)
    0x0000017e   0x00000000   Code   RO         2569    .ARM.Collect$$libshutdown$$00000007  c_w.l(libshutdown2.o)
    0x0000017e   0x00000000   Code   RO         2572    .ARM.Collect$$libshutdown$$0000000A  c_w.l(libshutdown2.o)
    0x0000017e   0x00000000   Code   RO         2574    .ARM.Collect$$libshutdown$$0000000C  c_w.l(libshutdown2.o)
    0x0000017e   0x00000000   Code   RO         2577    .ARM.Collect$$libshutdown$$0000000F  c_w.l(libshutdown2.o)
    0x0000017e   0x00000002   Code   RO         2578    .ARM.Collect$$libshutdown$$00000010  c_w.l(libshutdown2.o)
    0x00000180   0x00000000   Code   RO         2393    .ARM.Collect$$rtentry$$00000000  c_w.l(__rtentry.o)
    0x00000180   0x00000000   Code   RO         2480    .ARM.Collect$$rtentry$$00000002  c_w.l(__rtentry2.o)
    0x00000180   0x00000006   Code   RO         2492    .ARM.Collect$$rtentry$$00000004  c_w.l(__rtentry4.o)
    0x00000186   0x00000000   Code   RO         2482    .ARM.Collect$$rtentry$$00000009  c_w.l(__rtentry2.o)
    0x00000186   0x00000004   Code   RO         2483    .ARM.Collect$$rtentry$$0000000A  c_w.l(__rtentry2.o)
    0x0000018a   0x00000000   Code   RO         2485    .ARM.Collect$$rtentry$$0000000C  c_w.l(__rtentry2.o)
    0x0000018a   0x00000008   Code   RO         2486    .ARM.Collect$$rtentry$$0000000D  c_w.l(__rtentry2.o)
    0x00000192   0x00000002   Code   RO         2551    .ARM.Collect$$rtexit$$00000000  c_w.l(rtexit.o)
    0x00000194   0x00000000   Code   RO         2582    .ARM.Collect$$rtexit$$00000002  c_w.l(rtexit2.o)
    0x00000194   0x00000004   Code   RO         2583    .ARM.Collect$$rtexit$$00000003  c_w.l(rtexit2.o)
    0x00000198   0x00000006   Code   RO         2584    .ARM.Collect$$rtexit$$00000004  c_w.l(rtexit2.o)
    0x0000019e   0x00000002   PAD
    0x000001a0   0x000000a2   Code   RO         1105    .emb_text           port.o
    0x00000242   0x00000002   PAD
    0x00000244   0x00000000   Code   RO         2498    .emb_text           c_w.l(maybetermalloc1.o)
    0x00000244   0x0000003c   Code   RO            5    .text               keil_startup_lpc15xx.o
    0x00000280   0x0000005e   Code   RO         2323    .text               c_w.l(h1_alloc.o)
    0x000002de   0x00000010   Code   RO         2385    .text               c_w.l(aeabi_memset.o)
    0x000002ee   0x00000006   Code   RO         2387    .text               c_w.l(heapauxi.o)
    0x000002f4   0x00000008   Code   RO         2401    .text               c_w.l(rt_heap_descriptor_intlibspace.o)
    0x000002fc   0x00000004   Code   RO            4    .ARM.__at_0x02FC    keil_startup_lpc15xx.o
    0x00000300   0x0000004e   Code   RO         2325    .text               c_w.l(h1_free.o)
    0x0000034e   0x000000ee   Code   RO         2381    .text               c_w.l(lludivv7m.o)
    0x0000043c   0x0000008a   Code   RO         2383    .text               c_w.l(rt_memcpy_v6.o)
    0x000004c6   0x00000004   Code   RO         2403    .text               c_w.l(hguard.o)
    0x000004ca   0x0000008a   Code   RO         2405    .text               c_w.l(init_alloc.o)
    0x00000554   0x0000000e   Code   RO         2409    .text               c_w.l(h1_init.o)
    0x00000562   0x00000064   Code   RO         2423    .text               c_w.l(rt_memcpy_w.o)
    0x000005c6   0x00000044   Code   RO         2425    .text               c_w.l(rt_memclr.o)
    0x0000060a   0x00000002   PAD
    0x0000060c   0x00000008   Code   RO         2476    .text               c_w.l(libspace.o)
    0x00000614   0x00000034   Code   RO         2500    .text               c_w.l(h1_extend.o)
    0x00000648   0x0000000e   Code   RO         2504    .text               c_w.l(defsig_rtmem_outer.o)
    0x00000656   0x0000004e   Code   RO         2508    .text               c_w.l(rt_memclr_w.o)
    0x000006a4   0x0000000a   Code   RO         2516    .text               c_w.l(heapauxiu.o)
    0x000006ae   0x00000002   Code   RO         2522    .text               c_w.l(use_no_semi.o)
    0x000006b0   0x00000000   Code   RO         2524    .text               c_w.l(indicate_semi.o)
    0x000006b0   0x0000004a   Code   RO         2525    .text               c_w.l(sys_stackheap_outer.o)
    0x000006fa   0x00000012   Code   RO         2531    .text               c_w.l(exit.o)
    0x0000070c   0x0000000a   Code   RO         2533    .text               c_w.l(defsig_exit.o)
    0x00000716   0x00000002   PAD
    0x00000718   0x00000050   Code   RO         2539    .text               c_w.l(defsig_rtmem_inner.o)
    0x00000768   0x00000032   Code   RO         2559    .text               c_w.l(defsig_general.o)
    0x0000079a   0x0000000e   Code   RO         2579    .text               c_w.l(sys_wrch.o)
    0x000007a8   0x00000060   Code   RO         1240    i.Board_Debug_Init  board_nxp_lpcxpresso_1549.lib(board.o)
    0x00000808   0x00000048   Code   RO         1241    i.Board_Init        board_nxp_lpcxpresso_1549.lib(board.o)
    0x00000850   0x00000024   Code   RO         1243    i.Board_LED_Set     board_nxp_lpcxpresso_1549.lib(board.o)
    0x00000874   0x00000038   Code   RO         1521    i.Board_SetupClocking  board_nxp_lpcxpresso_1549.lib(board_sysinit.o)
    0x000008ac   0x00000050   Code   RO         1522    i.Board_SetupMuxing  board_nxp_lpcxpresso_1549.lib(board_sysinit.o)
    0x000008fc   0x00000018   Code   RO         1523    i.Board_SystemInit  board_nxp_lpcxpresso_1549.lib(board_sysinit.o)
    0x00000914   0x00000020   Code   RO         1630    i.Chip_Clock_EnablePeriphClock  chip_15xx_lib.lib(clock_15xx.o)
    0x00000934   0x00000018   Code   RO         1632    i.Chip_Clock_GetMainClockRate  chip_15xx_lib.lib(clock_15xx.o)
    0x0000094c   0x00000034   Code   RO         1634    i.Chip_Clock_GetMain_A_ClockRate  chip_15xx_lib.lib(clock_15xx.o)
    0x00000980   0x00000034   Code   RO         1635    i.Chip_Clock_GetMain_B_ClockRate  chip_15xx_lib.lib(clock_15xx.o)
    0x000009b4   0x0000000c   Code   RO         1636    i.Chip_Clock_GetPLLFreq  chip_15xx_lib.lib(clock_15xx.o)
    0x000009c0   0x00000020   Code   RO         1637    i.Chip_Clock_GetPLLInClockRate  chip_15xx_lib.lib(clock_15xx.o)
    0x000009e0   0x00000018   Code   RO         1641    i.Chip_Clock_GetSystemClockRate  chip_15xx_lib.lib(clock_15xx.o)
    0x000009f8   0x00000010   Code   RO         1642    i.Chip_Clock_GetSystemPLLInClockRate  chip_15xx_lib.lib(clock_15xx.o)
    0x00000a08   0x0000001c   Code   RO         1643    i.Chip_Clock_GetSystemPLLOutClockRate  chip_15xx_lib.lib(clock_15xx.o)
    0x00000a24   0x00000040   Code   RO         1644    i.Chip_Clock_GetUARTBaseClockRate  chip_15xx_lib.lib(clock_15xx.o)
    0x00000a64   0x00000020   Code   RO         1648    i.Chip_Clock_SetMainClockSource  chip_15xx_lib.lib(clock_15xx.o)
    0x00000a84   0x00000050   Code   RO         1650    i.Chip_Clock_SetUARTBaseClockRate  chip_15xx_lib.lib(clock_15xx.o)
    0x00000ad4   0x0000001c   Code   RO         2276    i.Chip_FMC_SetFLASHAccess  chip_15xx_lib.lib(sysinit_15xx.o)
    0x00000af0   0x0000002c   Code   RO         1911    i.Chip_GPIO_Init    chip_15xx_lib.lib(gpio_15xx.o)
    0x00000b1c   0x0000001a   Code   RO         1913    i.Chip_GPIO_SetPinDIR  chip_15xx_lib.lib(gpio_15xx.o)
    0x00000b36   0x00000002   PAD
    0x00000b38   0x00000024   Code   RO         2253    i.Chip_IOCON_SetPinMuxing  chip_15xx_lib.lib(iocon_15xx.o)
    0x00000b5c   0x0000001e   Code   RO         2157    i.Chip_SCT_Init     chip_15xx_lib.lib(sct_15xx.o)
    0x00000b7a   0x00000002   PAD
    0x00000b7c   0x00000024   Code   RO         1973    i.Chip_SWM_MovablePinAssign  chip_15xx_lib.lib(swm_15xx.o)
    0x00000ba0   0x0000000a   Code   RO          204    i.Chip_SWM_MovablePortPinAssign  main.o
    0x00000baa   0x0000000a   Code   RO         1250    i.Chip_SWM_MovablePortPinAssign  board_nxp_lpcxpresso_1549.lib(board.o)
    0x00000bb4   0x00000024   Code   RO         2200    i.Chip_SYSCTL_AssertPeriphReset  chip_15xx_lib.lib(sysctl_15xx.o)
    0x00000bd8   0x00000024   Code   RO         2201    i.Chip_SYSCTL_DeassertPeriphReset  chip_15xx_lib.lib(sysctl_15xx.o)
    0x00000bfc   0x00000012   Code   RO         2048    i.Chip_SYSCTL_PeriphReset  chip_15xx_lib.lib(uart_15xx.o)
    0x00000c0e   0x00000002   PAD
    0x00000c10   0x0000001c   Code   RO         2203    i.Chip_SYSCTL_PowerDown  chip_15xx_lib.lib(sysctl_15xx.o)
    0x00000c2c   0x0000001c   Code   RO         2204    i.Chip_SYSCTL_PowerUp  chip_15xx_lib.lib(sysctl_15xx.o)
    0x00000c48   0x00000060   Code   RO         2278    i.Chip_SetupXtalClocking  chip_15xx_lib.lib(sysinit_15xx.o)
    0x00000ca8   0x00000034   Code   RO         2051    i.Chip_UART_Init    chip_15xx_lib.lib(uart_15xx.o)
    0x00000cdc   0x0000001c   Code   RO         2056    i.Chip_UART_Send    chip_15xx_lib.lib(uart_15xx.o)
    0x00000cf8   0x00000024   Code   RO         2057    i.Chip_UART_SendBlocking  chip_15xx_lib.lib(uart_15xx.o)
    0x00000d1c   0x00000016   Code   RO         2059    i.Chip_UART_SetBaud  chip_15xx_lib.lib(uart_15xx.o)
    0x00000d32   0x00000022   Code   RO         2061    i.Chip_UART_TXIntHandlerRB  chip_15xx_lib.lib(uart_15xx.o)
    0x00000d54   0x0000001a   Code   RO          205    i.NVIC_EnableIRQ    main.o
    0x00000d6e   0x00000010   Code   RO         1572    i.RingBuffer_Init   chip_15xx_lib.lib(ring_buffer.o)
    0x00000d7e   0x00000010   Code   RO         1575    i.RingBuffer_IsEmpty  chip_15xx_lib.lib(ring_buffer.o)
    0x00000d8e   0x00000030   Code   RO         1577    i.RingBuffer_Pop    chip_15xx_lib.lib(ring_buffer.o)
    0x00000dbe   0x00000002   PAD
    0x00000dc0   0x00000044   Code   RO          208    i.SCT0_IRQHandler   main.o
    0x00000e04   0x00000064   Code   RO          209    i.SCT0_Init         main.o
    0x00000e68   0x00000024   Code   RO         1106    i.SysTick_Handler   port.o
    0x00000e8c   0x00000010   Code   RO         2013    i.SystemCoreClockUpdate  chip_15xx_lib.lib(chip_15xx.o)
    0x00000e9c   0x00000004   Code   RO           16    i.SystemInit        sysinit.o
    0x00000ea0   0x00000034   Code   RO          210    i.UART0_Task4       main.o
    0x00000ed4   0x00000044   Code   RO          211    i.UART1_task3       main.o
    0x00000f18   0x00000018   Code   RO         1183    i.__user_heap_extend  freertoscommonhooks.o
    0x00000f30   0x00000004   Code   RO         1252    i._sys_exit         board_nxp_lpcxpresso_1549.lib(board.o)
    0x00000f34   0x00000020   Code   RO         2062    i.getUARTClockID    chip_15xx_lib.lib(uart_15xx.o)
    0x00000f54   0x00000094   Code   RO          212    i.main              main.o
    0x00000fe8   0x00000058   Code   RO          213    i.pinmux            main.o
    0x00001040   0x00000054   Code   RO          753    i.prvCheckTasksWaitingTermination  tasks.o
    0x00001094   0x0000001c   Code   RO          754    i.prvIdleTask       tasks.o
    0x000010b0   0x00000020   Code   RO          756    i.prvResetNextTaskUnblockTime  tasks.o
    0x000010d0   0x00000006   Code   RO         1107    i.prvTaskExitError  port.o
    0x000010d6   0x00000018   Code   RO         1075    i.pvPortMalloc      heap_3.o
    0x000010ee   0x00000002   PAD
    0x000010f0   0x00000020   Code   RO         1108    i.pxPortInitialiseStack  port.o
    0x00001110   0x0000001c   Code   RO          214    i.timer_task        main.o
    0x0000112c   0x0000009c   Code   RO          215    i.uart_init         main.o
    0x000011c8   0x00000024   Code   RO          527    i.uxListRemove      list.o
    0x000011ec   0x00000004   Code   RO         1184    i.vApplicationIdleHook  freertoscommonhooks.o
    0x000011f0   0x00000016   Code   RO          528    i.vListInitialise   list.o
    0x00001206   0x00000006   Code   RO          529    i.vListInitialiseItem  list.o
    0x0000120c   0x00000018   Code   RO          531    i.vListInsertEnd    list.o
    0x00001224   0x0000001c   Code   RO         1110    i.vPortEnterCritical  port.o
    0x00001240   0x00000014   Code   RO         1111    i.vPortExitCritical  port.o
    0x00001254   0x0000001a   Code   RO         1076    i.vPortFree         heap_3.o
    0x0000126e   0x00000002   PAD
    0x00001270   0x00000020   Code   RO         1112    i.vPortSetupTimerInterrupt  port.o
    0x00001290   0x00000018   Code   RO         1113    i.vPortYield        port.o
    0x000012a8   0x00000048   Code   RO          781    i.vTaskStartScheduler  tasks.o
    0x000012f0   0x00000010   Code   RO          783    i.vTaskSuspendAll   tasks.o
    0x00001300   0x00000044   Code   RO          784    i.vTaskSwitchContext  tasks.o
    0x00001344   0x00000030   Code   RO         1114    i.xPortStartScheduler  port.o
    0x00001374   0x0000016c   Code   RO          786    i.xTaskGenericCreate  tasks.o
    0x000014e0   0x000000b4   Code   RO          792    i.xTaskIncrementTick  tasks.o
    0x00001594   0x000000a0   Code   RO          798    i.xTaskResumeAll    tasks.o
    0x00001634   0x00000076   Data   RO          218    .constdata          main.o
    0x000016aa   0x00000002   PAD
    0x000016ac   0x00000004   Data   RO         1257    .constdata          board_nxp_lpcxpresso_1549.lib(board.o)
    0x000016b0   0x00000004   Data   RO         1258    .constdata          board_nxp_lpcxpresso_1549.lib(board.o)
    0x000016b4   0x00000015   Data   RO         1259    .constdata          board_nxp_lpcxpresso_1549.lib(board.o)
    0x000016c9   0x00000003   PAD
    0x000016cc   0x0000007c   Data   RO         1524    .constdata          board_nxp_lpcxpresso_1549.lib(board_sysinit.o)
    0x00001748   0x00000020   Data   RO         2607    Region$$Table       anon$$obj.o


    Execution Region RW_IRAM1 (Base: 0x02000000, Size: 0x000066d0, Max: 0x00009000, ABSOLUTE)

    Base Addr    Size         Type   Attr      Idx    E Section Name        Object

    0x02000000   0x00000001   Data   RW          223    .data               main.o
    0x02000001   0x00000003   PAD
    0x02000004   0x00000038   Data   RW          801    .data               tasks.o
    0x0200003c   0x00000004   Data   RW         1115    .data               port.o
    0x02000040   0x00000004   Data   RW         2014    .data               chip_15xx_lib.lib(chip_15xx.o)
    0x02000044   0x00000228   Zero   RW          216    .bss                main.o
    0x0200026c   0x00000104   Zero   RW          800    .bss                tasks.o
    0x02000370   0x00006000   Zero   RW         1188    .bss                freertoscommonhooks.o
    0x02006370   0x00000060   Zero   RW         2477    .bss                c_w.l(libspace.o)
    0x020063d0   0x00000100   Zero   RW            2    HEAP                keil_startup_lpc15xx.o
    0x020064d0   0x00000200   Zero   RW            1    STACK               keil_startup_lpc15xx.o


==============================================================================

Image component sizes


      Code (inc. data)   RO Data    RW Data    ZI Data      Debug   Object Name

         0          0          0          0          0       1452   event_groups.o
        28          6          0          0      24576       1804   freertoscommonhooks.o
        50          0          0          0          0       1115   heap_3.o
        64         32        252          0        768        892   keil_startup_lpc15xx.o
        88          0          0          0          0       2260   list.o
       744        120        118          1        552      55884   main.o
       388         52          0          4          0       6481   port.o
         4          0          0          0          0       7265   sysinit.o
      1004         76          0         56        260      10092   tasks.o

    ----------------------------------------------------------------------
      2376        286        404         64      26156      87245   Object Totals
         0          0         32          0          0          0   (incl. Generated)
         6          0          2          3          0          0   (incl. Padding)

    ----------------------------------------------------------------------

      Code (inc. data)   RO Data    RW Data    ZI Data      Debug   Library Member Name

       218         16         29          0          0      15323   board.o
       160         18        124          0          0      15321   board_sysinit.o
         8          0          0          0          0         68   __main.o
         0          0          0          0          0          0   __rtentry.o
        12          0          0          0          0          0   __rtentry2.o
         6          0          0          0          0          0   __rtentry4.o
        52          8          0          0          0          0   __scatter.o
        26          0          0          0          0          0   __scatter_copy.o
        28          0          0          0          0          0   __scatter_zi.o
        16          0          0          0          0         68   aeabi_memset.o
        10          0          0          0          0         68   defsig_exit.o
        50          0          0          0          0         88   defsig_general.o
        80         58          0          0          0         76   defsig_rtmem_inner.o
        14          0          0          0          0         80   defsig_rtmem_outer.o
        18          0          0          0          0         80   exit.o
        94          0          0          0          0         80   h1_alloc.o
        52          0          0          0          0         68   h1_extend.o
        78          0          0          0          0         80   h1_free.o
        14          0          0          0          0         84   h1_init.o
         6          0          0          0          0        152   heapauxi.o
        10          0          0          0          0         92   heapauxiu.o
         4          0          0          0          0        136   hguard.o
         0          0          0          0          0          0   indicate_semi.o
       138          0          0          0          0        168   init_alloc.o
         2          0          0          0          0          0   libinit.o
        10          0          0          0          0          0   libinit2.o
         2          0          0          0          0          0   libshutdown.o
         2          0          0          0          0          0   libshutdown2.o
         8          4          0          0         96         68   libspace.o
       238          0          0          0          0        100   lludivv7m.o
         0          0          0          0          0          0   maybetermalloc1.o
         8          4          0          0          0         68   rt_heap_descriptor_intlibspace.o
        68          0          0          0          0         68   rt_memclr.o
        78          0          0          0          0         80   rt_memclr_w.o
       138          0          0          0          0         68   rt_memcpy_v6.o
       100          0          0          0          0         80   rt_memcpy_w.o
         2          0          0          0          0          0   rtexit.o
        10          0          0          0          0          0   rtexit2.o
        74          0          0          0          0         80   sys_stackheap_outer.o
        14          0          0          0          0         76   sys_wrch.o
         2          0          0          0          0         68   use_no_semi.o
        16          4          0          4          0        686   chip_15xx.o
       448         72          0          0          0      15482   clock_15xx.o
        70          0          0          0          0      10607   gpio_15xx.o
        36          0          0          0          0       2178   iocon_15xx.o
        80          0          0          0          0       3131   ring_buffer.o
        30          0          0          0          0       4180   sct_15xx.o
        36          6          0          0          0        600   swm_15xx.o
       128         28          0          0          0       9064   sysctl_15xx.o
       124          8          0          0          0      12537   sysinit_15xx.o
       222         18          0          0          0      12616   uart_15xx.o

    ----------------------------------------------------------------------
      3056        244        156          4         96     103869   Library Totals
        16          0          3          0          0          0   (incl. Padding)

    ----------------------------------------------------------------------

      Code (inc. data)   RO Data    RW Data    ZI Data      Debug   Library Name

       378         34        153          0          0      30644   board_nxp_lpcxpresso_1549.lib
      1472         74          0          0         96       2144   c_w.l
      1190        136          0          4          0      71081   chip_15xx_lib.lib

    ----------------------------------------------------------------------
      3056        244        156          4         96     103869   Library Totals

    ----------------------------------------------------------------------

==============================================================================


      Code (inc. data)   RO Data    RW Data    ZI Data      Debug   

      5432        530        560         68      26252     186118   Grand Totals
      5432        530        560         68      26252     186118   ELF Image Totals
      5432        530        560         68          0          0   ROM Totals

==============================================================================

    Total RO  Size (Code + RO Data)                 5992 (   5.85kB)
    Total RW  Size (RW Data + ZI Data)             26320 (  25.70kB)
    Total ROM Size (Code + RO Data + RW Data)       6060 (   5.92kB)

==============================================================================

